Archive member included because of file (symbol)

c:/program files (x86)/codesourcery/sourcery_codebench_lite_for_arm_eabi/bin/../lib/gcc/arm-none-eabi/4.6.3/../../../../arm-none-eabi/lib/thumb2\libm.a(lib_a-sf_cos.o)
                              ./src/MargAHRS.o (cosf)
c:/program files (x86)/codesourcery/sourcery_codebench_lite_for_arm_eabi/bin/../lib/gcc/arm-none-eabi/4.6.3/../../../../arm-none-eabi/lib/thumb2\libm.a(lib_a-sf_sin.o)
                              ./src/MargAHRS.o (sinf)
c:/program files (x86)/codesourcery/sourcery_codebench_lite_for_arm_eabi/bin/../lib/gcc/arm-none-eabi/4.6.3/../../../../arm-none-eabi/lib/thumb2\libm.a(lib_a-w_atan2.o)
                              ./src/MargAHRS.o (atan2)
c:/program files (x86)/codesourcery/sourcery_codebench_lite_for_arm_eabi/bin/../lib/gcc/arm-none-eabi/4.6.3/../../../../arm-none-eabi/lib/thumb2\libm.a(lib_a-w_pow.o)
                              ./src/sensors/ms5611.o (pow)
c:/program files (x86)/codesourcery/sourcery_codebench_lite_for_arm_eabi/bin/../lib/gcc/arm-none-eabi/4.6.3/../../../../arm-none-eabi/lib/thumb2\libm.a(lib_a-w_sqrt.o)
                              ./src/sensors/mpu6000.o (sqrt)
c:/program files (x86)/codesourcery/sourcery_codebench_lite_for_arm_eabi/bin/../lib/gcc/arm-none-eabi/4.6.3/../../../../arm-none-eabi/lib/thumb2\libm.a(lib_a-wf_asin.o)
                              ./src/MargAHRS.o (asinf)
c:/program files (x86)/codesourcery/sourcery_codebench_lite_for_arm_eabi/bin/../lib/gcc/arm-none-eabi/4.6.3/../../../../arm-none-eabi/lib/thumb2\libm.a(lib_a-wf_atan2.o)
                              ./src/MargAHRS.o (atan2f)
c:/program files (x86)/codesourcery/sourcery_codebench_lite_for_arm_eabi/bin/../lib/gcc/arm-none-eabi/4.6.3/../../../../arm-none-eabi/lib/thumb2\libm.a(lib_a-e_atan2.o)
                              c:/program files (x86)/codesourcery/sourcery_codebench_lite_for_arm_eabi/bin/../lib/gcc/arm-none-eabi/4.6.3/../../../../arm-none-eabi/lib/thumb2\libm.a(lib_a-w_atan2.o) (__ieee754_atan2)
c:/program files (x86)/codesourcery/sourcery_codebench_lite_for_arm_eabi/bin/../lib/gcc/arm-none-eabi/4.6.3/../../../../arm-none-eabi/lib/thumb2\libm.a(lib_a-e_pow.o)
                              c:/program files (x86)/codesourcery/sourcery_codebench_lite_for_arm_eabi/bin/../lib/gcc/arm-none-eabi/4.6.3/../../../../arm-none-eabi/lib/thumb2\libm.a(lib_a-w_pow.o) (__ieee754_pow)
c:/program files (x86)/codesourcery/sourcery_codebench_lite_for_arm_eabi/bin/../lib/gcc/arm-none-eabi/4.6.3/../../../../arm-none-eabi/lib/thumb2\libm.a(lib_a-e_sqrt.o)
                              c:/program files (x86)/codesourcery/sourcery_codebench_lite_for_arm_eabi/bin/../lib/gcc/arm-none-eabi/4.6.3/../../../../arm-none-eabi/lib/thumb2\libm.a(lib_a-w_sqrt.o) (__ieee754_sqrt)
c:/program files (x86)/codesourcery/sourcery_codebench_lite_for_arm_eabi/bin/../lib/gcc/arm-none-eabi/4.6.3/../../../../arm-none-eabi/lib/thumb2\libm.a(lib_a-ef_asin.o)
                              c:/program files (x86)/codesourcery/sourcery_codebench_lite_for_arm_eabi/bin/../lib/gcc/arm-none-eabi/4.6.3/../../../../arm-none-eabi/lib/thumb2\libm.a(lib_a-wf_asin.o) (__ieee754_asinf)
c:/program files (x86)/codesourcery/sourcery_codebench_lite_for_arm_eabi/bin/../lib/gcc/arm-none-eabi/4.6.3/../../../../arm-none-eabi/lib/thumb2\libm.a(lib_a-ef_atan2.o)
                              c:/program files (x86)/codesourcery/sourcery_codebench_lite_for_arm_eabi/bin/../lib/gcc/arm-none-eabi/4.6.3/../../../../arm-none-eabi/lib/thumb2\libm.a(lib_a-wf_atan2.o) (__ieee754_atan2f)
c:/program files (x86)/codesourcery/sourcery_codebench_lite_for_arm_eabi/bin/../lib/gcc/arm-none-eabi/4.6.3/../../../../arm-none-eabi/lib/thumb2\libm.a(lib_a-ef_rem_pio2.o)
                              c:/program files (x86)/codesourcery/sourcery_codebench_lite_for_arm_eabi/bin/../lib/gcc/arm-none-eabi/4.6.3/../../../../arm-none-eabi/lib/thumb2\libm.a(lib_a-sf_cos.o) (__ieee754_rem_pio2f)
c:/program files (x86)/codesourcery/sourcery_codebench_lite_for_arm_eabi/bin/../lib/gcc/arm-none-eabi/4.6.3/../../../../arm-none-eabi/lib/thumb2\libm.a(lib_a-ef_sqrt.o)
                              c:/program files (x86)/codesourcery/sourcery_codebench_lite_for_arm_eabi/bin/../lib/gcc/arm-none-eabi/4.6.3/../../../../arm-none-eabi/lib/thumb2\libm.a(lib_a-ef_asin.o) (__ieee754_sqrtf)
c:/program files (x86)/codesourcery/sourcery_codebench_lite_for_arm_eabi/bin/../lib/gcc/arm-none-eabi/4.6.3/../../../../arm-none-eabi/lib/thumb2\libm.a(lib_a-kf_cos.o)
                              c:/program files (x86)/codesourcery/sourcery_codebench_lite_for_arm_eabi/bin/../lib/gcc/arm-none-eabi/4.6.3/../../../../arm-none-eabi/lib/thumb2\libm.a(lib_a-sf_cos.o) (__kernel_cosf)
c:/program files (x86)/codesourcery/sourcery_codebench_lite_for_arm_eabi/bin/../lib/gcc/arm-none-eabi/4.6.3/../../../../arm-none-eabi/lib/thumb2\libm.a(lib_a-kf_rem_pio2.o)
[...]
Memory Configuration

Name             Origin             Length             Attributes
VECTOR           0x08000000         0x00004000         xr
EEPROM           0x08004000         0x00004000         xr
FLASH            0x08008000         0x000f8000         xr
RAM              0x20000000         0x00020000         xrw
*default*        0x00000000         0xffffffff

Linker script and memory map

LOAD c:/program files (x86)/codesourcery/sourcery_codebench_lite_for_arm_eabi/bin/../lib/gcc/arm-none-eabi/4.6.3/thumb2/crti.o
LOAD c:/program files (x86)/codesourcery/sourcery_codebench_lite_for_arm_eabi/bin/../lib/gcc/arm-none-eabi/4.6.3/thumb2/crtbegin.o
LOAD ./src/vcp/usb_bsp.o
LOAD ./src/vcp/usbd_cdc.o
LOAD ./src/vcp/usbd_desc.o
LOAD ./src/vcp/usbd_usr.o
LOAD ./src/startup/startup_stm32f4xx.o
LOAD ./src/sensors/hmc5883.o
LOAD ./src/sensors/mpu6000.o
LOAD ./src/sensors/ms5611.o
LOAD ./src/max7456/osdWidgets.o
LOAD ./src/gps/gps.o
LOAD ./src/gps/gpsMediaTek19.o
LOAD ./src/gps/gpsNMEA.o
LOAD ./src/gps/gpsUblox.o
LOAD ./src/drv/drv_gps.o
LOAD ./src/drv/drv_i2c.o
LOAD ./src/drv/drv_led.o
LOAD ./src/drv/drv_max7456.o
LOAD ./src/drv/drv_pwmEsc.o
LOAD ./src/drv/drv_pwmServo.o
LOAD ./src/drv/drv_rx.o
LOAD ./src/drv/drv_spi.o
LOAD ./src/drv/drv_system.o
LOAD ./src/drv/drv_telemetry.o
LOAD ./src/drv/drv_timingFunctions.o
LOAD ./src/drv/drv_usb.o
LOAD ./src/calibration/escCalibration.o
LOAD ./src/calibration/magCalibration.o
LOAD ./src/calibration/mpu6000Calibration.o
LOAD ./src/MargAHRS.o
LOAD ./src/cli.o
LOAD ./src/cliSupport.o
LOAD ./src/computeAxisCommands.o
LOAD ./src/config.o
LOAD ./src/coordinateTransforms.o
LOAD ./src/flightCommand.o
LOAD ./src/linearAlgebra.o
LOAD ./src/lowPassFilter.o
LOAD ./src/main.o
LOAD ./src/mixer.o
LOAD ./src/pid.o
LOAD ./src/rfTelem.o
LOAD ./src/stm32f4xx_it.o
LOAD ./src/system_stm32f4xx.o
LOAD ./src/utilities.o
LOAD ./src/vertCompFilter.o
LOAD ./Libraries/STM32_USB_OTG_Driver/src/usb_core.o
LOAD ./Libraries/STM32_USB_OTG_Driver/src/usb_dcd.o
LOAD ./Libraries/STM32_USB_OTG_Driver/src/usb_dcd_int.o
LOAD ./Libraries/STM32_USB_Device_Library/Core/src/usbd_core.o
LOAD ./Libraries/STM32_USB_Device_Library/Core/src/usbd_ioreq.o
LOAD ./Libraries/STM32_USB_Device_Library/Core/src/usbd_req.o
LOAD ./Libraries/STM32_USB_Device_Library/Class/cdc/src/usbd_cdc_core.o
LOAD ./Libraries/STM32F4xx_StdPeriph_Driver/src/misc.o
LOAD ./Libraries/STM32F4xx_StdPeriph_Driver/src/stm32f4xx_adc.o
LOAD ./Libraries/STM32F4xx_StdPeriph_Driver/src/stm32f4xx_can.o
LOAD ./Libraries/STM32F4xx_StdPeriph_Driver/src/stm32f4xx_crc.o
LOAD ./Libraries/STM32F4xx_StdPeriph_Driver/src/stm32f4xx_cryp.o
LOAD ./Libraries/STM32F4xx_StdPeriph_Driver/src/stm32f4xx_cryp_aes.o
LOAD ./Libraries/STM32F4xx_StdPeriph_Driver/src/stm32f4xx_cryp_des.o
LOAD ./Libraries/STM32F4xx_StdPeriph_Driver/src/stm32f4xx_cryp_tdes.o
LOAD ./Libraries/STM32F4xx_StdPeriph_Driver/src/stm32f4xx_dac.o
LOAD ./Libraries/STM32F4xx_StdPeriph_Driver/src/stm32f4xx_dbgmcu.o
LOAD ./Libraries/STM32F4xx_StdPeriph_Driver/src/stm32f4xx_dcmi.o
LOAD ./Libraries/STM32F4xx_StdPeriph_Driver/src/stm32f4xx_dma.o
LOAD ./Libraries/STM32F4xx_StdPeriph_Driver/src/stm32f4xx_exti.o
LOAD ./Libraries/STM32F4xx_StdPeriph_Driver/src/stm32f4xx_flash.o
LOAD ./Libraries/STM32F4xx_StdPeriph_Driver/src/stm32f4xx_fsmc.o
LOAD ./Libraries/STM32F4xx_StdPeriph_Driver/src/stm32f4xx_gpio.o
LOAD ./Libraries/STM32F4xx_StdPeriph_Driver/src/stm32f4xx_hash.o
LOAD ./Libraries/STM32F4xx_StdPeriph_Driver/src/stm32f4xx_hash_md5.o
LOAD ./Libraries/STM32F4xx_StdPeriph_Driver/src/stm32f4xx_hash_sha1.o
LOAD ./Libraries/STM32F4xx_StdPeriph_Driver/src/stm32f4xx_i2c.o
LOAD ./Libraries/STM32F4xx_StdPeriph_Driver/src/stm32f4xx_iwdg.o
LOAD ./Libraries/STM32F4xx_StdPeriph_Driver/src/stm32f4xx_pwr.o
LOAD ./Libraries/STM32F4xx_StdPeriph_Driver/src/stm32f4xx_rcc.o
LOAD ./Libraries/STM32F4xx_StdPeriph_Driver/src/stm32f4xx_rng.o
LOAD ./Libraries/STM32F4xx_StdPeriph_Driver/src/stm32f4xx_rtc.o
LOAD ./Libraries/STM32F4xx_StdPeriph_Driver/src/stm32f4xx_sdio.o
LOAD ./Libraries/STM32F4xx_StdPeriph_Driver/src/stm32f4xx_spi.o
LOAD ./Libraries/STM32F4xx_StdPeriph_Driver/src/stm32f4xx_syscfg.o
LOAD ./Libraries/STM32F4xx_StdPeriph_Driver/src/stm32f4xx_tim.o
LOAD ./Libraries/STM32F4xx_StdPeriph_Driver/src/stm32f4xx_usart.o
LOAD ./Libraries/STM32F4xx_StdPeriph_Driver/src/stm32f4xx_wwdg.o
LOAD c:/program files (x86)/codesourcery/sourcery_codebench_lite_for_arm_eabi/bin/../lib/gcc/arm-none-eabi/4.6.3/../../../../arm-none-eabi/lib/thumb2\libm.a
START GROUP
LOAD c:/program files (x86)/codesourcery/sourcery_codebench_lite_for_arm_eabi/bin/../lib/gcc/arm-none-eabi/4.6.3/thumb2\libgcc.a
LOAD c:/program files (x86)/codesourcery/sourcery_codebench_lite_for_arm_eabi/bin/../lib/gcc/arm-none-eabi/4.6.3/../../../../arm-none-eabi/lib/thumb2\libc.a
END GROUP
LOAD c:/program files (x86)/codesourcery/sourcery_codebench_lite_for_arm_eabi/bin/../lib/gcc/arm-none-eabi/4.6.3/thumb2/crtend.o
LOAD c:/program files (x86)/codesourcery/sourcery_codebench_lite_for_arm_eabi/bin/../lib/gcc/arm-none-eabi/4.6.3/thumb2/crtn.o
                0x20020000                _estack = 0x20020000
                0x00000000                _Min_Heap_Size = 0x0
                0x00000400                _Min_Stack_Size = 0x400

.isr_vector     0x08000000      0x188
                0x08000000                . = ALIGN (0x4)
 *(.isr_vector)
 .isr_vector    0x08000000      0x188 ./src/startup/startup_stm32f4xx.o
                0x08000000                g_pfnVectors
                0x08000188                . = ALIGN (0x4)

.eeprom         0x08004000        0x0
                0x08004000                . = ALIGN (0x4)
 *(.eeprom)
                0x08004000                . = ALIGN (0x4)

.text           0x08008000    0x34fb8
                0x08008000                . = ALIGN (0x4)
 *(.text)
 .text          0x08008000       0x68 c:/program files (x86)/codesourcery/sourcery_codebench_lite_for_arm_eabi/bin/../lib/gcc/arm-none-eabi/4.6.3/thumb2/crtbegin.o
 .text          0x08008068      0x1ac ./src/vcp/usb_bsp.o
                0x08008068                USB_OTG_BSP_Init
                0x0800816c                USB_OTG_BSP_EnableInterrupt
                0x080081a8                USB_OTG_BSP_uDelay
                0x080081f8                USB_OTG_BSP_mDelay
 .text          0x08008214      0x2ec ./src/vcp/usbd_cdc.o
                0x080082f0                cdc_DataTx
                0x080083fc                cdc_RX_IsCharReady
                0x08008424                cdc_RX_ChkChar
                0x0800846c                cdc_RX_GetChar
                0x080084e8                cdc_RX_GetWaitChar
 .text          0x08008500      0x1b0 ./src/vcp/usbd_desc.o
                0x08008500                USBD_USR_DeviceDescriptor
                0x08008520                USBD_USR_LangIDStrDescriptor
                0x08008540                USBD_USR_ProductStrDescriptor
                0x08008590                USBD_USR_ManufacturerStrDescriptor
                0x080085c0                USBD_USR_SerialStrDescriptor
                0x08008610                USBD_USR_ConfigStrDescriptor
                0x08008660                USBD_USR_InterfaceStrDescriptor
 .text          0x080086b0       0x48 ./src/vcp/usbd_usr.o
                0x080086b0                USBD_USR_Init
                0x080086b4                USBD_USR_DeviceReset
                0x080086c0                USBD_USR_DeviceConfigured
                0x080086d0                USBD_USR_DeviceSuspended
                0x080086e0                USBD_USR_DeviceResumed
                0x080086f0                USBD_USR_DeviceConnected
                0x080086f4                USBD_USR_DeviceDisconnected
 .text          0x080086f8      0x2e8 ./src/sensors/hmc5883.o
                0x080086f8                readMag
                0x080087b0                initMag
 .text          0x080089e0      0x83c ./src/sensors/mpu6000.o
                0x080089e0                initMPU6000
                0x08008c44                readMPU6000
                0x08008e1c                computeMPU6000RTData
                0x08009090                computeMPU6000TCBias
 *fill*         0x0800921c        0x4 00
 .text          0x08009220      0x678 ./src/sensors/ms5611.o
                0x08009220                readTemperatureRequestPressure
                0x0800927c                readPressureRequestPressure
                0x080092d8                readPressureRequestTemperature
                0x08009334                calculateTemperature
                0x080093b8                calculatePressureAltitude
                0x0800971c                initPressure
 .text          0x08009898      0xc88 ./src/max7456/osdWidgets.o
                0x08009898                displayAltitude
                0x08009c4c                displayArtificialHorizon
                0x08009f0c                displayAttitude
                0x0800a464                displayHeading
 .text          0x0800a520      0x1a8 ./src/gps/gps.o
                0x0800a520                initGPS
 .text          0x0800a6c8      0x524 ./src/gps/gpsMediaTek19.o
                0x0800a6c8                decodeMediaTek3329BinaryMsg
 .text          0x0800abec      0x888 ./src/gps/gpsNMEA.o
                0x0800abec                nmeaGetScaledInt
                0x0800ad70                nmeaGetLatLong
                0x0800aec8                nmeaProcessSentence
                0x0800b2a4                decodeNMEAsentence
 .text          0x0800b474      0x664 ./src/gps/gpsUblox.o
                0x0800b474                ubloxParseData
                0x0800b714                decodeUbloxMsg
 .text          0x0800bad8      0x478 ./src/drv/drv_gps.o
                0x0800bb8c                DMA1_Stream6_IRQHandler
                0x0800bbd0                gpsInit
                0x0800bdb8                gpsAvailable
                0x0800bde4                gpsClearBuffer
                0x0800be04                gpsNumCharsAvailable
                0x0800be40                gpsRead
                0x0800be9c                gpsReadPoll
                0x0800beb4                gpsWrite
                0x0800bf28                gpsPrint
 .text          0x0800bf50     0x117c ./src/drv/drv_i2c.o
                0x0800bf50                I2C_ER_Handler
                0x0800c080                I2C_EV_Handler
                0x0800c800                I2C1_ER_IRQHandler
                0x0800c808                I2C1_EV_IRQHandler
                0x0800c810                I2C2_ER_IRQHandler
                0x0800c818                I2C2_EV_IRQHandler
                0x0800c820                i2cWriteBuffer
                0x0800ca18                i2cWrite
                0x0800ca50                i2cRead
                0x0800ce50                i2cInit
                0x0800d098                i2cGetErrorCounter
 .text          0x0800d0cc       0xd4 ./src/drv/drv_led.o
                0x0800d0cc                ledInit
 .text          0x0800d1a0      0x89c ./src/drv/drv_max7456.o
                0x0800d1a0                spiReadMax7456Register
                0x0800d1d4                spiWriteMax7456Register
                0x0800d20c                hideOSD
                0x0800d260                unhideOSD
                0x0800d2b4                writeMax7456Chars
                0x0800d3f8                detectVideoStandard
                0x0800d630                initMax7456
                0x0800d708                resetMax7456
                0x0800d7c0                showMax7456Font
                0x0800d8cc                waitNVM
                0x0800d8e4                writeNVMcharacter
                0x0800d9a8                downloadMax7456Font
 .text          0x0800da3c      0x2cc ./src/drv/drv_pwmEsc.o
                0x0800da3c                pwmEscInit
                0x0800dce0                pwmEscWrite
 .text          0x0800dd08      0x160 ./src/drv/drv_pwmServo.o
                0x0800dd08                pwmServoInit
                0x0800de40                pwmServoWrite
 .text          0x0800de68      0xc90 ./src/drv/drv_rx.o
                0x0800e140                TIM4_IRQHandler
                0x0800e170                TIM1_CC_IRQHandler
                0x0800e180                USART3_IRQHandler
                0x0800e314                rxInit
                0x0800e8fc                rxRead
                0x0800e9a8                checkSpektrumBind
 .text          0x0800eaf8      0x4cc ./src/drv/drv_spi.o
                0x0800eaf8                spiInit
                0x0800edf0                spiTransfer
                0x0800ee98                setSPIdivisor
 .text          0x0800efc4      0x87c ./src/drv/drv_system.o
                0x0800f0d4                SysTick_Handler
                0x0800f5d0                micros
                0x0800f614                millis
                0x0800f624                systemInit
                0x0800f73c                delayMicroseconds
                0x0800f7b0                delay
                0x0800f7dc                systemReset
 .text          0x0800f840      0x414 ./src/drv/drv_telemetry.o
                0x0800f8f4                DMA2_Stream7_IRQHandler
                0x0800f938                telemetryInit
                0x0800fb18                telemetryAvailable
                0x0800fb44                telemetryRead
                0x0800fba0                telemetryReadPoll
                0x0800fbb8                telemetryWrite
                0x0800fc2c                telemetryPrint
 .text          0x0800fc54      0x114 ./src/drv/drv_timingFunctions.o
                0x0800fc54                timingFunctionsInit
                0x0800fd0c                delayTimerMicroseconds
                0x0800fd3c                delayTimerMilliseconds
 .text          0x0800fd68      0x104 ./src/drv/drv_usb.o
                0x0800fd68                usbInit
                0x0800fe04                usbAvailable
                0x0800fe20                usbRead
                0x0800fe44                usbPrint
 .text          0x0800fe6c      0x1c8 ./src/calibration/escCalibration.o
                0x0800fe6c                escCalibration
 .text          0x08010034      0x27c ./src/calibration/magCalibration.o
                0x08010034                magCalibration
 .text          0x080102b0      0x6d8 ./src/calibration/mpu6000Calibration.o
                0x080102b0                mpu6000Calibration
 .text          0x08010988     0x1490 ./src/MargAHRS.o
                0x08010988                calculateAccConfidence
                0x08010a70                MargAHRSinit
                0x08010e88                MargAHRSupdate
 .text          0x08011e18     0x2eec ./src/cli.o
                0x08011e18                highSpeedTelemDisable
                0x08011e98                readStringUsb
                0x08011f3c                readFloatUsb
                0x08012010                readUsbPID
                0x080120a0                cliCom
 *fill*         0x08014d04        0x4 00
 .text          0x08014d08     0x2ed8 ./src/cliSupport.o
                0x08014d08                max7456CLI
                0x08015318                mixerCLI
                0x080165f0                receiverCLI
                0x08016d60                sensorCLI
                0x080178dc                gpsCLI
 .text          0x08017be0      0x2f8 ./src/computeAxisCommands.o
                0x08017be0                computeAxisCommands
 .text          0x08017ed8      0xfb8 ./src/config.o
                0x08017ed8                parseRcChannels
                0x08017f38                readEEPROM
                0x08017ff0                writeEEPROM
                0x0801806c                checkFirstTime
 .text          0x08018e90      0x240 ./src/coordinateTransforms.o
                0x08018e90                createRotationMatrix
                0x08019074                bodyAccelToEarthAccel
 .text          0x080190d0      0x7bc ./src/flightCommand.o
                0x080190d0                processFlightCommands
 .text          0x0801988c      0x7f4 ./src/linearAlgebra.o
                0x0801988c                vectorDotProduct
                0x080198e8                vectorCrossProduct
                0x0801999c                vectorScale
                0x080199f4                vectorAdd
                0x08019a58                vectorSubtract
                0x08019abc                matrixMultiply
                0x08019bdc                matrixAdd
                0x08019c44                matrixSubtract
                0x08019cac                matrixScale
                0x08019d08                matrixTranspose3x3
                0x08019d7c                matrixInverse3x3
 .text          0x0801a080      0xd8c ./src/main.o
                0x0801a080                main
 *fill*         0x0801ae0c        0x4 00
 .text          0x0801ae10     0x2f88 ./src/mixer.o
                0x0801ae10                initMixer
                0x0801af0c                writeServos
                0x0801af70                writeMotors
                0x0801afcc                writeAllMotors
                0x0801b018                pulseMotors
                0x0801b074                mixTable
 .text          0x0801dd98      0x3cc ./src/pid.o
                0x0801dd98                initPID
                0x0801de58                updatePID
                0x0801e050                setPIDintegralError
                0x0801e080                zeroPIDintegralError
                0x0801e0b8                setPIDstates
                0x0801e12c                zeroPIDstates
 .text          0x0801e164     0x192c ./src/rfTelem.o
                0x0801e164                readFloatRF
                0x0801e234                readRFPID
                0x0801e2c4                rfCom
 .text          0x0801fa90       0x74 ./src/stm32f4xx_it.o
                0x0801fa90                NMI_Handler
                0x0801fa94                HardFault_Handler
                0x0801fa98                MemManage_Handler
                0x0801fa9c                BusFault_Handler
                0x0801faa0                UsageFault_Handler
                0x0801faa4                SVC_Handler
                0x0801faa8                DebugMon_Handler
                0x0801faac                PendSV_Handler
                0x0801fab0                OTG_FS_WKUP_IRQHandler
                0x0801faf4                OTG_FS_IRQHandler
 .text          0x0801fb04      0x38c ./src/system_stm32f4xx.o
                0x0801fb04                SystemInit
                0x0801fbb0                SystemCoreClockUpdate
 .text          0x0801fe90     0x1338 ./src/utilities.o
                0x0801fe90                constrain
                0x0801ff34                itoa
                0x0801ffa0                ftoa
                0x0802013c                _sbrk
                0x080201bc                sphereFit
                0x08020e7c                standardRadianFormat
                0x08020ef0                stringToFloat
 .text          0x080211c8      0x13c ./src/vertCompFilter.o
                0x080211c8                vertCompFilter
 .text          0x08021304     0x182c ./Libraries/STM32_USB_OTG_Driver/src/usb_core.o
                0x080213e4                USB_OTG_WritePacket
                0x0802146c                USB_OTG_ReadPacket
                0x080214d0                USB_OTG_SelectCore
                0x08021684                USB_OTG_CoreInit
                0x0802187c                USB_OTG_EnableGlobalInt
                0x080218b0                USB_OTG_DisableGlobalInt
                0x080218e8                USB_OTG_FlushTxFifo
                0x08021964                USB_OTG_FlushRxFifo
                0x080219cc                USB_OTG_SetCurrentMode
                0x08021a34                USB_OTG_GetMode
                0x08021a48                USB_OTG_IsDeviceMode
                0x08021a68                USB_OTG_IsHostMode
                0x08021a88                USB_OTG_ReadCoreItr
                0x08021ab0                USB_OTG_ReadOtgItr
                0x08021ac0                USB_OTG_InitDevSpeed
                0x08021af0                USB_OTG_CoreInitDev
                0x08021dd8                USB_OTG_EnableDevInt
                0x08021e78                USB_OTG_GetDeviceSpeed
                0x08021ec8                USB_OTG_EP0Activate
                0x08021f40                USB_OTG_EPActivate
                0x08022034                USB_OTG_EPDeactivate
                0x080220d0                USB_OTG_EPStartXfer
                0x080223a0                USB_OTG_EP0StartXfer
                0x080225c0                USB_OTG_EPSetStall
                0x08022650                USB_OTG_EPClearStall
                0x080226cc                USB_OTG_ReadDevAllOutEp_itr
                0x080226f0                USB_OTG_ReadDevOutEP_itr
                0x08022724                USB_OTG_ReadDevAllInEPItr
                0x0802274c                USB_OTG_EP0_OutStart
                0x080227c8                USB_OTG_ActiveRemoteWakeup
                0x08022858                USB_OTG_UngateClock
                0x080228a4                USB_OTG_StopDevice
                0x08022938                USB_OTG_GetEPStatus
                0x080229f4                USB_OTG_SetEPStatus
 .text          0x08022b30      0x620 ./Libraries/STM32_USB_OTG_Driver/src/usb_dcd.o
                0x08022b30                DCD_Init
                0x08022c5c                DCD_EP_Open
                0x08022d18                DCD_EP_Close
                0x08022d9c                DCD_EP_PrepareRx
                0x08022e2c                DCD_EP_Tx
                0x08022eb0                DCD_EP_Stall
                0x08022f38                DCD_EP_ClrStall
                0x08022fc0                DCD_EP_Flush
                0x08022ff8                DCD_EP_SetAddress
                0x08023030                DCD_DevConnect
                0x0802305c                DCD_DevDisconnect
                0x08023088                DCD_GetEPStatus
                0x080230f0                DCD_SetEPStatus
 .text          0x08023150      0xbb8 ./Libraries/STM32_USB_OTG_Driver/src/usb_dcd_int.o
                0x08023150                USBD_OTG_ISR_Handler
 .text          0x08023d08      0x408 ./Libraries/STM32_USB_Device_Library/Core/src/usbd_core.o
                0x08023d08                USBD_Init
                0x08023d5c                USBD_DeInit
                0x0802407c                USBD_SetCfg
                0x080240b0                USBD_ClrCfg
 .text          0x08024110      0x1a4 ./Libraries/STM32_USB_Device_Library/Core/src/usbd_ioreq.o
                0x08024110                USBD_CtlSendData
                0x08024160                USBD_CtlContinueSendData
                0x08024190                USBD_CtlPrepareRx
                0x080241e0                USBD_CtlContinueRx
                0x08024210                USBD_CtlSendStatus
                0x0802424c                USBD_CtlReceiveStatus
                0x08024288                USBD_GetRxCount
 .text          0x080242b4      0xa3c ./Libraries/STM32_USB_Device_Library/Core/src/usbd_req.o
                0x080242b4                USBD_StdDevReq
                0x08024358                USBD_StdItfReq
                0x080243c4                USBD_StdEPReq
                0x08024b3c                USBD_ParseSetupRequest
                0x08024bc4                USBD_CtlError
                0x08024c0c                USBD_GetString
 .text          0x08024cf0      0x68c ./Libraries/STM32_USB_Device_Library/Class/cdc/src/usbd_cdc_core.o
 .text          0x0802537c      0x1d0 ./Libraries/STM32F4xx_StdPeriph_Driver/src/misc.o
                0x0802537c                NVIC_PriorityGroupConfig
                0x08025398                NVIC_Init
                0x08025494                NVIC_SetVectorTable
                0x080254b8                NVIC_SystemLPConfig
                0x0802550c                SysTick_CLKSourceConfig
 .text          0x0802554c      0x788 ./Libraries/STM32F4xx_StdPeriph_Driver/src/stm32f4xx_dma.o
                0x0802554c                DMA_DeInit
                0x08025788                DMA_Init
                0x08025830                DMA_StructInit
                0x080258b0                DMA_Cmd
                0x080258e0                DMA_PeriphIncOffsetSizeConfig
                0x0802590c                DMA_FlowControllerConfig
                0x08025938                DMA_SetCurrDataCounter
                0x08025950                DMA_GetCurrDataCounter
                0x08025960                DMA_DoubleBufferModeConfig
                0x08025994                DMA_DoubleBufferModeCmd
                0x080259c4                DMA_MemoryTargetConfig
                0x080259e4                DMA_GetCurrentMemoryTarget
                0x08025a10                DMA_GetCmdStatus
                0x08025a48                DMA_GetFIFOStatus
                0x08025a64                DMA_GetFlagStatus
                0x08025ae8                DMA_ClearFlag
                0x08025b44                DMA_ITConfig
                0x08025bb4                DMA_GetITStatus
                0x08025c78                DMA_ClearITPendingBit
 .text          0x08025cd4      0x280 ./Libraries/STM32F4xx_StdPeriph_Driver/src/stm32f4xx_exti.o
                0x08025cd4                EXTI_DeInit
                0x08025d20                EXTI_Init
                0x08025e50                EXTI_StructInit
                0x08025e78                EXTI_GenerateSWInterrupt
                0x08025e98                EXTI_GetFlagStatus
                0x08025ed4                EXTI_ClearFlag
                0x08025ee8                EXTI_GetITStatus
                0x08025f40                EXTI_ClearITPendingBit
 .text          0x08025f54      0x9e4 ./Libraries/STM32F4xx_StdPeriph_Driver/src/stm32f4xx_flash.o
                0x08025f54                FLASH_SetLatency
                0x08025f6c                FLASH_PrefetchBufferCmd
                0x08025fb4                FLASH_InstructionCacheCmd
                0x08025ffc                FLASH_DataCacheCmd
                0x08026044                FLASH_InstructionCacheReset
                0x08026060                FLASH_DataCacheReset
                0x0802607c                FLASH_Unlock
                0x080260b0                FLASH_Lock
                0x080260cc                FLASH_EraseSector
                0x080261f0                FLASH_EraseAllSectors
                0x080262dc                FLASH_ProgramDoubleWord
                0x08026380                FLASH_ProgramWord
                0x0802641c                FLASH_ProgramHalfWord
                0x080264c0                FLASH_ProgramByte
                0x08026560                FLASH_OB_Unlock
                0x0802659c                FLASH_OB_Lock
                0x080265b8                FLASH_OB_WRPConfig
                0x08026630                FLASH_OB_RDPConfig
                0x08026668                FLASH_OB_UserConfig
                0x080266e0                FLASH_OB_BORConfig
                0x08026728                FLASH_OB_Launch
                0x08026764                FLASH_OB_GetUser
                0x08026778                FLASH_OB_GetWRP
                0x08026788                FLASH_OB_GetRDP
                0x080267c0                FLASH_OB_GetBOR
                0x080267d8                FLASH_ITConfig
                0x08026824                FLASH_GetFlagStatus
                0x08026860                FLASH_ClearFlag
                0x08026874                FLASH_GetStatus
                0x08026900                FLASH_WaitForLastOperation
 .text          0x08026938      0x4f8 ./Libraries/STM32F4xx_StdPeriph_Driver/src/stm32f4xx_gpio.o
                0x08026938                GPIO_DeInit
                0x08026aa8                GPIO_Init
                0x08026be4                GPIO_StructInit
                0x08026c14                GPIO_PinLockConfig
                0x08026c54                GPIO_ReadInputDataBit
                0x08026c90                GPIO_ReadInputData
                0x08026ca0                GPIO_ReadOutputDataBit
                0x08026cdc                GPIO_ReadOutputData
                0x08026cec                GPIO_SetBits
                0x08026d04                GPIO_ResetBits
                0x08026d1c                GPIO_WriteBit
                0x08026d4c                GPIO_Write
                0x08026d64                GPIO_ToggleBits
                0x08026d80                GPIO_PinAFConfig
 .text          0x08026e30      0x998 ./Libraries/STM32F4xx_StdPeriph_Driver/src/stm32f4xx_i2c.o
                0x08026e30                I2C_DeInit
                0x08026eb0                I2C_Init
                0x080270a0                I2C_StructInit
                0x080270d8                I2C_Cmd
                0x08027110                I2C_GenerateSTART
                0x08027148                I2C_GenerateSTOP
                0x08027180                I2C_Send7bitAddress
                0x080271c0                I2C_AcknowledgeConfig
                0x080271f8                I2C_OwnAddress2Config
                0x08027244                I2C_DualAddressCmd
                0x0802727c                I2C_GeneralCallCmd
                0x080272b4                I2C_SoftwareResetCmd
                0x080272f4                I2C_StretchClockCmd
                0x0802732c                I2C_FastModeDutyCycleConfig
                0x08027368                I2C_NACKPositionConfig
                0x080273a4                I2C_SMBusAlertConfig
                0x080273e0                I2C_ARPCmd
                0x08027418                I2C_SendData
                0x08027430                I2C_ReceiveData
                0x08027444                I2C_TransmitPEC
                0x0802747c                I2C_PECPositionConfig
                0x080274b8                I2C_CalculatePEC
                0x080274f0                I2C_GetPEC
                0x08027508                I2C_DMACmd
                0x08027540                I2C_DMALastTransferCmd
                0x08027578                I2C_ReadRegister
                0x080275a4                I2C_ITConfig
                0x080275ec                I2C_CheckEvent
                0x08027658                I2C_GetLastEvent
                0x0802769c                I2C_GetFlagStatus
                0x08027714                I2C_ClearFlag
                0x0802773c                I2C_GetITStatus
                0x080277a0                I2C_ClearITPendingBit
 .text          0x080277c8      0xc68 ./Libraries/STM32F4xx_StdPeriph_Driver/src/stm32f4xx_rcc.o
                0x080277c8                RCC_DeInit
                0x08027844                RCC_HSEConfig
                0x0802786c                RCC_WaitForHSEStartUp
                0x080278d8                RCC_AdjustHSICalibrationValue
                0x08027918                RCC_HSICmd
                0x08027934                RCC_LSEConfig
                0x0802798c                RCC_LSICmd
                0x080279a8                RCC_PLLConfig
                0x080279e8                RCC_PLLCmd
                0x08027a04                RCC_PLLI2SConfig
                0x08027a28                RCC_PLLI2SCmd
                0x08027a44                RCC_ClockSecuritySystemCmd
                0x08027a60                RCC_MCO1Config
                0x08027a9c                RCC_MCO2Config
                0x08027ad8                RCC_SYSCLKConfig
                0x08027b10                RCC_GetSYSCLKSource
                0x08027b28                RCC_HCLKConfig
                0x08027b60                RCC_PCLK1Config
                0x08027b98                RCC_PCLK2Config
                0x08027bd4                RCC_GetClocksFreq
                0x08027d98                RCC_RTCCLKConfig
                0x08027e04                RCC_RTCCLKCmd
                0x08027e20                RCC_BackupResetCmd
                0x08027e3c                RCC_I2SCLKConfig
                0x08027e50                RCC_AHB1PeriphClockCmd
                0x08027e9c                RCC_AHB2PeriphClockCmd
                0x08027ee8                RCC_AHB3PeriphClockCmd
                0x08027f34                RCC_APB1PeriphClockCmd
                0x08027f80                RCC_APB2PeriphClockCmd
                0x08027fcc                RCC_AHB1PeriphResetCmd
                0x08028018                RCC_AHB2PeriphResetCmd
                0x08028064                RCC_AHB3PeriphResetCmd
                0x080280b0                RCC_APB1PeriphResetCmd
                0x080280fc                RCC_APB2PeriphResetCmd
                0x08028148                RCC_AHB1PeriphClockLPModeCmd
                0x08028194                RCC_AHB2PeriphClockLPModeCmd
                0x080281e0                RCC_AHB3PeriphClockLPModeCmd
                0x0802822c                RCC_APB1PeriphClockLPModeCmd
                0x08028278                RCC_APB2PeriphClockLPModeCmd
                0x080282c4                RCC_ITConfig
                0x08028324                RCC_GetFlagStatus
                0x080283b8                RCC_ClearFlag
                0x080283d4                RCC_GetITStatus
                0x08028414                RCC_ClearITPendingBit
 .text          0x08028430      0x8b8 ./Libraries/STM32F4xx_StdPeriph_Driver/src/stm32f4xx_spi.o
                0x08028430                SPI_I2S_DeInit
                0x080284b0                SPI_Init
                0x0802853c                I2S_Init
                0x08028774                SPI_StructInit
                0x080287c4                I2S_StructInit
                0x080287fc                SPI_Cmd
                0x08028834                I2S_Cmd
                0x0802886c                SPI_DataSizeConfig
                0x0802889c                SPI_BiDirectionalLineConfig
                0x080288d8                SPI_NSSInternalSoftwareConfig
                0x08028914                SPI_SSOutputCmd
                0x0802894c                SPI_TIModeCmd
                0x08028984                I2S_FullDuplexConfig
                0x08028a30                SPI_I2S_ReceiveData
                0x08028a40                SPI_I2S_SendData
                0x08028a58                SPI_CalculateCRC
                0x08028a90                SPI_TransmitCRC
                0x08028aa8                SPI_GetCRC
                0x08028ae0                SPI_GetCRCPolynomial
                0x08028af0                SPI_I2S_DMACmd
                0x08028b38                SPI_I2S_ITConfig
                0x08028bb0                SPI_I2S_GetFlagStatus
                0x08028bf0                SPI_I2S_ClearFlag
                0x08028c0c                SPI_I2S_GetITStatus
                0x08028cb0                SPI_I2S_ClearITPendingBit
 .text          0x08028ce8     0x1ee4 ./Libraries/STM32F4xx_StdPeriph_Driver/src/stm32f4xx_tim.o
                0x08028ce8                TIM_DeInit
                0x08028f1c                TIM_TimeBaseInit
                0x0802901c                TIM_TimeBaseStructInit
                0x0802904c                TIM_PrescalerConfig
                0x08029070                TIM_CounterModeConfig
                0x080290b0                TIM_SetCounter
                0x080290c0                TIM_SetAutoreload
                0x080290d0                TIM_GetCounter
                0x080290e0                TIM_GetPrescaler
                0x080290f0                TIM_UpdateDisableConfig
                0x08029128                TIM_UpdateRequestConfig
                0x08029160                TIM_ARRPreloadConfig
                0x08029198                TIM_SelectOnePulseMode
                0x080291c8                TIM_SetClockDivision
                0x080291f8                TIM_Cmd
                0x08029230                TIM_OC1Init
                0x0802936c                TIM_OC2Init
                0x080294d4                TIM_OC3Init
                0x08029634                TIM_OC4Init
                0x0802973c                TIM_OCStructInit
                0x08029784                TIM_SelectOCxM
                0x08029850                TIM_SetCompare1
                0x08029860                TIM_SetCompare2
                0x08029870                TIM_SetCompare3
                0x08029880                TIM_SetCompare4
                0x08029890                TIM_ForcedOC1Config
                0x080298d0                TIM_ForcedOC2Config
                0x08029918                TIM_ForcedOC3Config
                0x08029958                TIM_ForcedOC4Config
                0x080299a0                TIM_OC1PreloadConfig
                0x080299e0                TIM_OC2PreloadConfig
                0x08029a28                TIM_OC3PreloadConfig
                0x08029a68                TIM_OC4PreloadConfig
                0x08029ab0                TIM_OC1FastConfig
                0x08029af0                TIM_OC2FastConfig
                0x08029b38                TIM_OC3FastConfig
                0x08029b78                TIM_OC4FastConfig
                0x08029bc0                TIM_ClearOC1Ref
                0x08029c00                TIM_ClearOC2Ref
                0x08029c4c                TIM_ClearOC3Ref
                0x08029c8c                TIM_ClearOC4Ref
                0x08029cd8                TIM_OC1PolarityConfig
                0x08029d18                TIM_OC1NPolarityConfig
                0x08029d58                TIM_OC2PolarityConfig
                0x08029da0                TIM_OC2NPolarityConfig
                0x08029de8                TIM_OC3PolarityConfig
                0x08029e30                TIM_OC3NPolarityConfig
                0x08029e78                TIM_OC4PolarityConfig
                0x08029ec0                TIM_CCxCmd
                0x08029f20                TIM_CCxNCmd
                0x08029f80                TIM_ICInit
                0x0802a024                TIM_ICStructInit
                0x0802a054                TIM_PWMIConfig
                0x0802a128                TIM_GetCapture1
                0x0802a138                TIM_GetCapture2
                0x0802a148                TIM_GetCapture3
                0x0802a158                TIM_GetCapture4
                0x0802a168                TIM_SetIC1Prescaler
                0x0802a198                TIM_SetIC2Prescaler
                0x0802a1d0                TIM_SetIC3Prescaler
                0x0802a200                TIM_SetIC4Prescaler
                0x0802a238                TIM_BDTRConfig
                0x0802a27c                TIM_BDTRStructInit
                0x0802a2bc                TIM_CtrlPWMOutputs
                0x0802a304                TIM_SelectCOM
                0x0802a33c                TIM_CCPreloadControl
                0x0802a374                TIM_ITConfig
                0x0802a3bc                TIM_GenerateEvent
                0x0802a3d4                TIM_GetFlagStatus
                0x0802a414                TIM_ClearFlag
                0x0802a430                TIM_GetITStatus
                0x0802a4a0                TIM_ClearITPendingBit
                0x0802a4bc                TIM_DMAConfig
                0x0802a4e4                TIM_DMACmd
                0x0802a52c                TIM_SelectCCDMA
                0x0802a564                TIM_InternalClockConfig
                0x0802a57c                TIM_ITRxExternalClockConfig
                0x0802a5a8                TIM_TIxExternalClockConfig
                0x0802a60c                TIM_ETRClockMode1Config
                0x0802a67c                TIM_ETRClockMode2Config
                0x0802a6b4                TIM_SelectInputTrigger
                0x0802a6f4                TIM_SelectOutputTrigger
                0x0802a724                TIM_SelectSlaveMode
                0x0802a754                TIM_SelectMasterSlaveMode
                0x0802a784                TIM_ETRConfig
                0x0802a7e0                TIM_EncoderInterfaceConfig
                0x0802a8a0                TIM_SelectHallSensor
                0x0802a8d8                TIM_RemapConfig
 .text          0x0802abcc      0x924 ./Libraries/STM32F4xx_StdPeriph_Driver/src/stm32f4xx_usart.o
                0x0802abcc                USART_DeInit
                0x0802acc4                USART_Init
                0x0802ae68                USART_StructInit
                0x0802aea0                USART_ClockInit
                0x0802aeec                USART_ClockStructInit
                0x0802af14                USART_Cmd
                0x0802af4c                USART_SetPrescaler
                0x0802af80                USART_OverSampling8Cmd
                0x0802afc0                USART_OneBitMethodCmd
                0x0802aff8                USART_SendData
                0x0802b018                USART_ReceiveData
                0x0802b034                USART_SetAddress
                0x0802b068                USART_ReceiverWakeUpCmd
                0x0802b0a0                USART_WakeUpConfig
                0x0802b0d0                USART_LINBreakDetectLengthConfig
                0x0802b100                USART_LINCmd
                0x0802b138                USART_SendBreak
                0x0802b150                USART_HalfDuplexCmd
                0x0802b188                USART_SetGuardTime
                0x0802b1c0                USART_SmartCardCmd
                0x0802b1f8                USART_SmartCardNACKCmd
                0x0802b230                USART_IrDAConfig
                0x0802b260                USART_IrDACmd
                0x0802b298                USART_DMACmd
                0x0802b2e0                USART_ITConfig
                0x0802b384                USART_GetFlagStatus
                0x0802b3c4                USART_ClearFlag
                0x0802b3e0                USART_GetITStatus
                0x0802b4a8                USART_ClearITPendingBit
 .text          0x0802b4f0       0x6c c:/program files (x86)/codesourcery/sourcery_codebench_lite_for_arm_eabi/bin/../lib/gcc/arm-none-eabi/4.6.3/../../../../arm-none-eabi/lib/thumb2\libm.a(lib_a-sf_cos.o)
                0x0802b4f0                cosf
 .text          0x0802b55c       0x78 c:/program files (x86)/codesourcery/sourcery_codebench_lite_for_arm_eabi/bin/../lib/gcc/arm-none-eabi/4.6.3/../../../../arm-none-eabi/lib/thumb2\libm.a(lib_a-sf_sin.o)
                0x0802b55c                sinf
 .text          0x0802b5d4        0x4 c:/program files (x86)/codesourcery/sourcery_codebench_lite_for_arm_eabi/bin/../lib/gcc/arm-none-eabi/4.6.3/../../../../arm-none-eabi/lib/thumb2\libm.a(lib_a-w_atan2.o)
                0x0802b5d4                atan2
 .text          0x0802b5d8      0x334 c:/program files (x86)/codesourcery/sourcery_codebench_lite_for_arm_eabi/bin/../lib/gcc/arm-none-eabi/4.6.3/../../../../arm-none-eabi/lib/thumb2\libm.a(lib_a-w_pow.o)
                0x0802b5d8                pow
 .text          0x0802b90c       0xac c:/program files (x86)/codesourcery/sourcery_codebench_lite_for_arm_eabi/bin/../lib/gcc/arm-none-eabi/4.6.3/../../../../arm-none-eabi/lib/thumb2\libm.a(lib_a-w_sqrt.o)
                0x0802b90c                sqrt
 .text          0x0802b9b8       0xa4 c:/program files (x86)/codesourcery/sourcery_codebench_lite_for_arm_eabi/bin/../lib/gcc/arm-none-eabi/4.6.3/../../../../arm-none-eabi/lib/thumb2\libm.a(lib_a-wf_asin.o)
                0x0802b9b8                asinf
 .text          0x0802ba5c        0x4 c:/program files (x86)/codesourcery/sourcery_codebench_lite_for_arm_eabi/bin/../lib/gcc/arm-none-eabi/4.6.3/../../../../arm-none-eabi/lib/thumb2\libm.a(lib_a-wf_atan2.o)
                0x0802ba5c                atan2f
 .text          0x0802ba60      0x228 c:/program files (x86)/codesourcery/sourcery_codebench_lite_for_arm_eabi/bin/../lib/gcc/arm-none-eabi/4.6.3/../../../../arm-none-eabi/lib/thumb2\libm.a(lib_a-e_atan2.o)
                0x0802ba60                __ieee754_atan2
 .text          0x0802bc88      0xb58 c:/program files (x86)/codesourcery/sourcery_codebench_lite_for_arm_eabi/bin/../lib/gcc/arm-none-eabi/4.6.3/../../../../arm-none-eabi/lib/thumb2\libm.a(lib_a-e_pow.o)
                0x0802bc88                __ieee754_pow
 .text          0x0802c7e0      0x1b8 c:/program files (x86)/codesourcery/sourcery_codebench_lite_for_arm_eabi/bin/../lib/gcc/arm-none-eabi/4.6.3/../../../../arm-none-eabi/lib/thumb2\libm.a(lib_a-e_sqrt.o)
                0x0802c7e0                __ieee754_sqrt
 .text          0x0802c998      0x318 c:/program files (x86)/codesourcery/sourcery_codebench_lite_for_arm_eabi/bin/../lib/gcc/arm-none-eabi/4.6.3/../../../../arm-none-eabi/lib/thumb2\libm.a(lib_a-ef_asin.o)
                0x0802c998                __ieee754_asinf
 .text          0x0802ccb0      0x158 c:/program files (x86)/codesourcery/sourcery_codebench_lite_for_arm_eabi/bin/../lib/gcc/arm-none-eabi/4.6.3/../../../../arm-none-eabi/lib/thumb2\libm.a(lib_a-ef_atan2.o)
                0x0802ccb0                __ieee754_atan2f
 .text          0x0802ce08      0x358 c:/program files (x86)/codesourcery/sourcery_codebench_lite_for_arm_eabi/bin/../lib/gcc/arm-none-eabi/4.6.3/../../../../arm-none-eabi/lib/thumb2\libm.a(lib_a-ef_rem_pio2.o)
                0x0802ce08                __ieee754_rem_pio2f
 .text          0x0802d160       0xb0 c:/program files (x86)/codesourcery/sourcery_codebench_lite_for_arm_eabi/bin/../lib/gcc/arm-none-eabi/4.6.3/../../../../arm-none-eabi/lib/thumb2\libm.a(lib_a-ef_sqrt.o)
                0x0802d160                __ieee754_sqrtf
 .text          0x0802d210      0x1b8 c:/program files (x86)/codesourcery/sourcery_codebench_lite_for_arm_eabi/bin/../lib/gcc/arm-none-eabi/4.6.3/../../../../arm-none-eabi/lib/thumb2\libm.a(lib_a-kf_cos.o)
                0x0802d210                __kernel_cosf
 .text          0x0802d3c8      0x62c c:/program files (x86)/codesourcery/sourcery_codebench_lite_for_arm_eabi/bin/../lib/gcc/arm-none-eabi/4.6.3/../../../../arm-none-eabi/lib/thumb2\libm.a(lib_a-kf_rem_pio2.o)
                0x0802d3c8                __kernel_rem_pio2f
 .text          0x0802d9f4      0x100 c:/program files (x86)/codesourcery/sourcery_codebench_lite_for_arm_eabi/bin/../lib/gcc/arm-none-eabi/4.6.3/../../../../arm-none-eabi/lib/thumb2\libm.a(lib_a-kf_sin.o)
                0x0802d9f4                __kernel_sinf
 *fill*         0x0802daf4        0x4 00
 .text          0x0802daf8      0x350 c:/program files (x86)/codesourcery/sourcery_codebench_lite_for_arm_eabi/bin/../lib/gcc/arm-none-eabi/4.6.3/../../../../arm-none-eabi/lib/thumb2\libm.a(lib_a-s_atan.o)
                0x0802daf8                atan
 .text          0x0802de48        0x8 c:/program files (x86)/codesourcery/sourcery_codebench_lite_for_arm_eabi/bin/../lib/gcc/arm-none-eabi/4.6.3/../../../../arm-none-eabi/lib/thumb2\libm.a(lib_a-s_fabs.o)
                0x0802de48                fabs
 .text          0x0802de50       0x10 c:/program files (x86)/codesourcery/sourcery_codebench_lite_for_arm_eabi/bin/../lib/gcc/arm-none-eabi/4.6.3/../../../../arm-none-eabi/lib/thumb2\libm.a(lib_a-s_finite.o)
                0x0802de50                finite
 .text          0x0802de60       0x94 c:/program files (x86)/codesourcery/sourcery_codebench_lite_for_arm_eabi/bin/../lib/gcc/arm-none-eabi/4.6.3/../../../../arm-none-eabi/lib/thumb2\libm.a(lib_a-s_fpclassify.o)
                0x0802de60                __fpclassifyd
 .text          0x0802def4        0x4 c:/program files (x86)/codesourcery/sourcery_codebench_lite_for_arm_eabi/bin/../lib/gcc/arm-none-eabi/4.6.3/../../../../arm-none-eabi/lib/thumb2\libm.a(lib_a-s_matherr.o)
                0x0802def4                matherr
 .text          0x0802def8        0xc c:/program files (x86)/codesourcery/sourcery_codebench_lite_for_arm_eabi/bin/../lib/gcc/arm-none-eabi/4.6.3/../../../../arm-none-eabi/lib/thumb2\libm.a(lib_a-s_nan.o)
                0x0802def8                nan
 .text          0x0802df04      0x130 c:/program files (x86)/codesourcery/sourcery_codebench_lite_for_arm_eabi/bin/../lib/gcc/arm-none-eabi/4.6.3/../../../../arm-none-eabi/lib/thumb2\libm.a(lib_a-s_rint.o)
                0x0802df04                rint
 *fill*         0x0802e034        0x4 00
 .text          0x0802e038      0x118 c:/program files (x86)/codesourcery/sourcery_codebench_lite_for_arm_eabi/bin/../lib/gcc/arm-none-eabi/4.6.3/../../../../arm-none-eabi/lib/thumb2\libm.a(lib_a-s_scalbn.o)
                0x0802e038                scalbn
 .text          0x0802e150      0x23c c:/program files (x86)/codesourcery/sourcery_codebench_lite_for_arm_eabi/bin/../lib/gcc/arm-none-eabi/4.6.3/../../../../arm-none-eabi/lib/thumb2\libm.a(lib_a-sf_atan.o)
                0x0802e150                atanf
 .text          0x0802e38c        0x8 c:/program files (x86)/codesourcery/sourcery_codebench_lite_for_arm_eabi/bin/../lib/gcc/arm-none-eabi/4.6.3/../../../../arm-none-eabi/lib/thumb2\libm.a(lib_a-sf_fabs.o)
                0x0802e38c                fabsf
 .text          0x0802e394       0x98 c:/program files (x86)/codesourcery/sourcery_codebench_lite_for_arm_eabi/bin/../lib/gcc/arm-none-eabi/4.6.3/../../../../arm-none-eabi/lib/thumb2\libm.a(lib_a-sf_floor.o)
                0x0802e394                floorf
 .text          0x0802e42c       0x7c c:/program files (x86)/codesourcery/sourcery_codebench_lite_for_arm_eabi/bin/../lib/gcc/arm-none-eabi/4.6.3/../../../../arm-none-eabi/lib/thumb2\libm.a(lib_a-sf_fpclassify.o)
                0x0802e42c                __fpclassifyf
 .text          0x0802e4a8       0xc4 c:/program files (x86)/codesourcery/sourcery_codebench_lite_for_arm_eabi/bin/../lib/gcc/arm-none-eabi/4.6.3/../../../../arm-none-eabi/lib/thumb2\libm.a(lib_a-sf_scalbn.o)
                0x0802e4a8                scalbnf
 .text          0x0802e56c       0x14 c:/program files (x86)/codesourcery/sourcery_codebench_lite_for_arm_eabi/bin/../lib/gcc/arm-none-eabi/4.6.3/../../../../arm-none-eabi/lib/thumb2\libm.a(lib_a-s_copysign.o)
                0x0802e56c                copysign
 .text          0x0802e580        0xc c:/program files (x86)/codesourcery/sourcery_codebench_lite_for_arm_eabi/bin/../lib/gcc/arm-none-eabi/4.6.3/../../../../arm-none-eabi/lib/thumb2\libm.a(lib_a-sf_copysign.o)
                0x0802e580                copysignf
 .text          0x0802e58c      0x370 c:/program files (x86)/codesourcery/sourcery_codebench_lite_for_arm_eabi/bin/../lib/gcc/arm-none-eabi/4.6.3/thumb2\libgcc.a(_arm_addsubdf3.o)
                0x0802e58c                __aeabi_drsub
                0x0802e594                __aeabi_dsub
                0x0802e594                __subdf3
                0x0802e598                __aeabi_dadd
                0x0802e598                __adddf3
                0x0802e810                __floatunsidf
                0x0802e810                __aeabi_ui2d
                0x0802e830                __floatsidf
                0x0802e830                __aeabi_i2d
                0x0802e854                __aeabi_f2d
                0x0802e854                __extendsfdf2
                0x0802e890                __floatundidf
                0x0802e890                __aeabi_ul2d
                0x0802e8a0                __floatdidf
                0x0802e8a0                __aeabi_l2d
 .text          0x0802e8fc      0x424 c:/program files (x86)/codesourcery/sourcery_codebench_lite_for_arm_eabi/bin/../lib/gcc/arm-none-eabi/4.6.3/thumb2\libgcc.a(_arm_muldivdf3.o)
                0x0802e8fc                __aeabi_dmul
                0x0802e8fc                __muldf3
                0x0802eb50                __divdf3
                0x0802eb50                __aeabi_ddiv
 .text          0x0802ed20      0x110 c:/program files (x86)/codesourcery/sourcery_codebench_lite_for_arm_eabi/bin/../lib/gcc/arm-none-eabi/4.6.3/thumb2\libgcc.a(_arm_cmpdf2.o)
                0x0802ed20                __gtdf2
                0x0802ed20                __gedf2
                0x0802ed28                __ltdf2
                0x0802ed28                __ledf2
                0x0802ed30                __nedf2
                0x0802ed30                __eqdf2
                0x0802ed30                __cmpdf2
                0x0802edac                __aeabi_cdrcmple
                0x0802edbc                __aeabi_cdcmpeq
                0x0802edbc                __aeabi_cdcmple
                0x0802edcc                __aeabi_dcmpeq
                0x0802ede0                __aeabi_dcmplt
                0x0802edf4                __aeabi_dcmple
                0x0802ee08                __aeabi_dcmpge
                0x0802ee1c                __aeabi_dcmpgt
 .text          0x0802ee30       0xa0 c:/program files (x86)/codesourcery/sourcery_codebench_lite_for_arm_eabi/bin/../lib/gcc/arm-none-eabi/4.6.3/thumb2\libgcc.a(_arm_truncdfsf2.o)
                0x0802ee30                __truncdfsf2
                0x0802ee30                __aeabi_d2f
 .text          0x0802eed0      0x21c c:/program files (x86)/codesourcery/sourcery_codebench_lite_for_arm_eabi/bin/../lib/gcc/arm-none-eabi/4.6.3/thumb2\libgcc.a(_arm_addsubsf3.o)
                0x0802eed0                __aeabi_frsub
                0x0802eed8                __subsf3
                0x0802eed8                __aeabi_fsub
                0x0802eedc                __aeabi_fadd
                0x0802eedc                __addsf3
                0x0802f03c                __aeabi_ui2f
                0x0802f03c                __floatunsisf
                0x0802f044                __aeabi_i2f
                0x0802f044                __floatsisf
                0x0802f060                __aeabi_ul2f
                0x0802f060                __floatundisf
                0x0802f070                __aeabi_l2f
                0x0802f070                __floatdisf
 .text          0x0802f0ec      0x2a0 c:/program files (x86)/codesourcery/sourcery_codebench_lite_for_arm_eabi/bin/../lib/gcc/arm-none-eabi/4.6.3/thumb2\libgcc.a(_arm_muldivsf3.o)
                0x0802f0ec                __mulsf3
                0x0802f0ec                __aeabi_fmul
                0x0802f254                __aeabi_fdiv
                0x0802f254                __divsf3
 .text          0x0802f38c       0xec c:/program files (x86)/codesourcery/sourcery_codebench_lite_for_arm_eabi/bin/../lib/gcc/arm-none-eabi/4.6.3/thumb2\libgcc.a(_arm_cmpsf2.o)
                0x0802f38c                __gesf2
                0x0802f38c                __gtsf2
                0x0802f394                __lesf2
                0x0802f394                __ltsf2
                0x0802f39c                __nesf2
                0x0802f39c                __eqsf2
                0x0802f39c                __cmpsf2
                0x0802f3fc                __aeabi_cfrcmple
                0x0802f404                __aeabi_cfcmpeq
                0x0802f404                __aeabi_cfcmple
                0x0802f414                __aeabi_fcmpeq
                0x0802f428                __aeabi_fcmplt
                0x0802f43c                __aeabi_fcmple
                0x0802f450                __aeabi_fcmpge
                0x0802f464                __aeabi_fcmpgt
 .text          0x0802f478       0x4c c:/program files (x86)/codesourcery/sourcery_codebench_lite_for_arm_eabi/bin/../lib/gcc/arm-none-eabi/4.6.3/thumb2\libgcc.a(_arm_fixsfsi.o)
                0x0802f478                __aeabi_f2iz
                0x0802f478                __fixsfsi
 .text          0x0802f4c4        0xc c:/program files (x86)/codesourcery/sourcery_codebench_lite_for_arm_eabi/bin/../lib/gcc/arm-none-eabi/4.6.3/../../../../arm-none-eabi/lib/thumb2\libc.a(lib_a-errno.o)
                0x0802f4c4                __errno
 .text          0x0802f4d0       0x50 c:/program files (x86)/codesourcery/sourcery_codebench_lite_for_arm_eabi/bin/../lib/gcc/arm-none-eabi/4.6.3/../../../../arm-none-eabi/lib/thumb2\libc.a(lib_a-init.o)
                0x0802f4d0                __libc_init_array
 .text          0x0802f520       0xf0 c:/program files (x86)/codesourcery/sourcery_codebench_lite_for_arm_eabi/bin/../lib/gcc/arm-none-eabi/4.6.3/../../../../arm-none-eabi/lib/thumb2\libc.a(lib_a-memcpy.o)
                0x0802f520                memcpy
 .text          0x0802f610       0xcc c:/program files (x86)/codesourcery/sourcery_codebench_lite_for_arm_eabi/bin/../lib/gcc/arm-none-eabi/4.6.3/../../../../arm-none-eabi/lib/thumb2\libc.a(lib_a-snprintf.o)
                0x0802f610                _snprintf_r
                0x0802f670                snprintf
 .text          0x0802f6dc       0x48 c:/program files (x86)/codesourcery/sourcery_codebench_lite_for_arm_eabi/bin/../lib/gcc/arm-none-eabi/4.6.3/../../../../arm-none-eabi/lib/thumb2\libc.a(lib_a-strcat.o)
                0x0802f6dc                strcat
 .text          0x0802f724       0xf0 c:/program files (x86)/codesourcery/sourcery_codebench_lite_for_arm_eabi/bin/../lib/gcc/arm-none-eabi/4.6.3/../../../../arm-none-eabi/lib/thumb2\libc.a(lib_a-strchr.o)
                0x0802f724                strchr
 .text          0x0802f814       0xbc c:/program files (x86)/codesourcery/sourcery_codebench_lite_for_arm_eabi/bin/../lib/gcc/arm-none-eabi/4.6.3/../../../../arm-none-eabi/lib/thumb2\libc.a(lib_a-strcpy.o)
                0x0802f814                strcpy
 .text          0x0802f8d0       0x60 c:/program files (x86)/codesourcery/sourcery_codebench_lite_for_arm_eabi/bin/../lib/gcc/arm-none-eabi/4.6.3/../../../../arm-none-eabi/lib/thumb2\libc.a(lib_a-strlen.o)
                0x0802f8d0                strlen
 .text          0x0802f930       0xa8 c:/program files (x86)/codesourcery/sourcery_codebench_lite_for_arm_eabi/bin/../lib/gcc/arm-none-eabi/4.6.3/../../../../arm-none-eabi/lib/thumb2\libc.a(lib_a-strncmp.o)
                0x0802f930                strncmp
 .text          0x0802f9d8       0x74 c:/program files (x86)/codesourcery/sourcery_codebench_lite_for_arm_eabi/bin/../lib/gcc/arm-none-eabi/4.6.3/../../../../arm-none-eabi/lib/thumb2\libc.a(lib_a-strncpy.o)
                0x0802f9d8                strncpy
 .text          0x0802fa4c     0x14e0 c:/program files (x86)/codesourcery/sourcery_codebench_lite_for_arm_eabi/bin/../lib/gcc/arm-none-eabi/4.6.3/../../../../arm-none-eabi/lib/thumb2\libc.a(lib_a-svfprintf.o)
                0x0802fa4c                _svfprintf_r
 *fill*         0x08030f2c        0x4 00
 .text          0x08030f30     0x1030 c:/program files (x86)/codesourcery/sourcery_codebench_lite_for_arm_eabi/bin/../lib/gcc/arm-none-eabi/4.6.3/../../../../arm-none-eabi/lib/thumb2\libc.a(lib_a-dtoa.o)
                0x08031078                _dtoa_r
 .text          0x08031f60       0xa4 c:/program files (x86)/codesourcery/sourcery_codebench_lite_for_arm_eabi/bin/../lib/gcc/arm-none-eabi/4.6.3/../../../../arm-none-eabi/lib/thumb2\libc.a(lib_a-locale.o)
                0x08031f60                _setlocale_r
                0x08031fbc                __locale_charset
                0x08031fc8                __locale_mb_cur_max
                0x08031fd4                __locale_msgcharset
                0x08031fdc                __locale_cjk_lang
                0x08031fe0                _localeconv_r
                0x08031fe8                setlocale
                0x08031ffc                localeconv
 .text          0x08032004       0x20 c:/program files (x86)/codesourcery/sourcery_codebench_lite_for_arm_eabi/bin/../lib/gcc/arm-none-eabi/4.6.3/../../../../arm-none-eabi/lib/thumb2\libc.a(lib_a-malloc.o)
                0x08032004                malloc
                0x08032014                free
 .text          0x08032024      0x580 c:/program files (x86)/codesourcery/sourcery_codebench_lite_for_arm_eabi/bin/../lib/gcc/arm-none-eabi/4.6.3/../../../../arm-none-eabi/lib/thumb2\libc.a(lib_a-mallocr.o)
                0x08032024                _malloc_r
 .text          0x080325a4       0x88 c:/program files (x86)/codesourcery/sourcery_codebench_lite_for_arm_eabi/bin/../lib/gcc/arm-none-eabi/4.6.3/../../../../arm-none-eabi/lib/thumb2\libc.a(lib_a-memchr.o)
                0x080325a4                memchr
 .text          0x0803262c        0x8 c:/program files (x86)/codesourcery/sourcery_codebench_lite_for_arm_eabi/bin/../lib/gcc/arm-none-eabi/4.6.3/../../../../arm-none-eabi/lib/thumb2\libc.a(lib_a-mlock.o)
                0x0803262c                __malloc_lock
                0x08032630                __malloc_unlock
 .text          0x08032634      0x910 c:/program files (x86)/codesourcery/sourcery_codebench_lite_for_arm_eabi/bin/../lib/gcc/arm-none-eabi/4.6.3/../../../../arm-none-eabi/lib/thumb2\libc.a(lib_a-mprec.o)
                0x08032634                _Balloc
                0x080326a0                _Bfree
                0x080326d8                __multadd
                0x0803275c                __s2b
                0x080327f0                __hi0bits
                0x0803282c                __lo0bits
                0x08032888                __i2b
                0x0803289c                __multiply
                0x080329d8                __pow5mult
                0x08032a78                __lshift
                0x08032b34                __mcmp
                0x08032b74                __mdiff
                0x08032c54                __ulp
                0x08032c98                __b2d
                0x08032d48                __d2b
                0x08032e14                __ratio
                0x08032e68                _mprec_log10
                0x08032e9c                __copybits
                0x08032ee4                __any_on
 .text          0x08032f44       0x28 c:/program files (x86)/codesourcery/sourcery_codebench_lite_for_arm_eabi/bin/../lib/gcc/arm-none-eabi/4.6.3/../../../../arm-none-eabi/lib/thumb2\libc.a(lib_a-sbrkr.o)
                0x08032f44                _sbrk_r
 .text          0x08032f6c      0x1dc c:/program files (x86)/codesourcery/sourcery_codebench_lite_for_arm_eabi/bin/../lib/gcc/arm-none-eabi/4.6.3/../../../../arm-none-eabi/lib/thumb2\libc.a(lib_a-strcmp.o)
                0x08032f6c                strcmp
 .text          0x08033148      0xb60 c:/program files (x86)/codesourcery/sourcery_codebench_lite_for_arm_eabi/bin/../lib/gcc/arm-none-eabi/4.6.3/../../../../arm-none-eabi/lib/thumb2\libc.a(lib_a-svfiprintf.o)
                0x08033148                __ssprint_r
                0x08033260                _svfiprintf_r
 .text          0x08033ca8       0x60 c:/program files (x86)/codesourcery/sourcery_codebench_lite_for_arm_eabi/bin/../lib/gcc/arm-none-eabi/4.6.3/../../../../arm-none-eabi/lib/thumb2\libc.a(lib_a-callocr.o)
                0x08033ca8                _calloc_r
 .text          0x08033d08      0x234 c:/program files (x86)/codesourcery/sourcery_codebench_lite_for_arm_eabi/bin/../lib/gcc/arm-none-eabi/4.6.3/../../../../arm-none-eabi/lib/thumb2\libc.a(lib_a-freer.o)
                0x08033d08                _malloc_trim_r
                0x08033dac                _free_r
 .text          0x08033f3c       0xbc c:/program files (x86)/codesourcery/sourcery_codebench_lite_for_arm_eabi/bin/../lib/gcc/arm-none-eabi/4.6.3/../../../../arm-none-eabi/lib/thumb2\libc.a(lib_a-memmove.o)
                0x08033f3c                memmove
 .text          0x08033ff8       0x8c c:/program files (x86)/codesourcery/sourcery_codebench_lite_for_arm_eabi/bin/../lib/gcc/arm-none-eabi/4.6.3/../../../../arm-none-eabi/lib/thumb2\libc.a(lib_a-memset.o)
                0x08033ff8                memset
 .text          0x08034084      0x3d8 c:/program files (x86)/codesourcery/sourcery_codebench_lite_for_arm_eabi/bin/../lib/gcc/arm-none-eabi/4.6.3/../../../../arm-none-eabi/lib/thumb2\libc.a(lib_a-reallocr.o)
                0x08034084                _realloc_r
 *fill*         0x0803445c        0x4 00
 .text          0x08034460      0x278 c:/program files (x86)/codesourcery/sourcery_codebench_lite_for_arm_eabi/bin/../lib/gcc/arm-none-eabi/4.6.3/thumb2\libgcc.a(_udivsi3.o)
                0x08034460                __aeabi_uidiv
                0x08034460                __udivsi3
                0x080346bc                __aeabi_uidivmod
 .text          0x080346d8        0x4 c:/program files (x86)/codesourcery/sourcery_codebench_lite_for_arm_eabi/bin/../lib/gcc/arm-none-eabi/4.6.3/thumb2\libgcc.a(_dvmd_tls.o)
                0x080346d8                __aeabi_idiv0
                0x080346d8                __aeabi_ldiv0
 .text          0x080346dc       0x50 c:/program files (x86)/codesourcery/sourcery_codebench_lite_for_arm_eabi/bin/../lib/gcc/arm-none-eabi/4.6.3/thumb2\libgcc.a(_arm_fixdfsi.o)
                0x080346dc                __aeabi_d2iz
                0x080346dc                __fixdfsi
 .text          0x0803472c       0x2c c:/program files (x86)/codesourcery/sourcery_codebench_lite_for_arm_eabi/bin/../lib/gcc/arm-none-eabi/4.6.3/thumb2\libgcc.a(_aeabi_uldivmod.o)
                0x0803472c                __aeabi_uldivmod
 .text          0x08034758       0x5c c:/program files (x86)/codesourcery/sourcery_codebench_lite_for_arm_eabi/bin/../lib/gcc/arm-none-eabi/4.6.3/thumb2\libgcc.a(bpabi.o)
                0x08034758                __gnu_ldivmod_helper
                0x08034788                __gnu_uldivmod_helper
 .text          0x080347b4      0x364 c:/program files (x86)/codesourcery/sourcery_codebench_lite_for_arm_eabi/bin/../lib/gcc/arm-none-eabi/4.6.3/thumb2\libgcc.a(_divdi3.o)
                0x080347b4                __divdi3
 .text          0x08034b18      0x33c c:/program files (x86)/codesourcery/sourcery_codebench_lite_for_arm_eabi/bin/../lib/gcc/arm-none-eabi/4.6.3/thumb2\libgcc.a(_udivdi3.o)
                0x08034b18                __udivdi3
 *(.text*)
 .text.Reset_Handler
                0x08034e54       0xbc ./src/startup/startup_stm32f4xx.o
                0x08034e54                Reset_Handler
 .text.Default_Handler
                0x08034f10        0x4 ./src/startup/startup_stm32f4xx.o
                0x08034f10                RTC_Alarm_IRQHandler
                0x08034f10                HASH_RNG_IRQHandler
                0x08034f10                EXTI2_IRQHandler
                0x08034f10                TIM8_CC_IRQHandler
                0x08034f10                DMA2_Stream5_IRQHandler
                0x08034f10                DMA1_Stream5_IRQHandler
                0x08034f10                PVD_IRQHandler
                0x08034f10                SDIO_IRQHandler
                0x08034f10                TAMP_STAMP_IRQHandler
                0x08034f10                CAN2_RX1_IRQHandler
                0x08034f10                EXTI3_IRQHandler
                0x08034f10                TIM8_TRG_COM_TIM14_IRQHandler
                0x08034f10                TIM1_UP_TIM10_IRQHandler
                0x08034f10                TIM8_UP_TIM13_IRQHandler
                0x08034f10                I2C3_ER_IRQHandler
                0x08034f10                EXTI0_IRQHandler
                0x08034f10                DMA1_Stream2_IRQHandler
                0x08034f10                CAN1_RX0_IRQHandler
                0x08034f10                FPU_IRQHandler
                0x08034f10                OTG_HS_WKUP_IRQHandler
                0x08034f10                CAN2_SCE_IRQHandler
                0x08034f10                DMA2_Stream2_IRQHandler
                0x08034f10                SPI1_IRQHandler
                0x08034f10                TIM6_DAC_IRQHandler
                0x08034f10                TIM1_BRK_TIM9_IRQHandler
                0x08034f10                DCMI_IRQHandler
                0x08034f10                CAN2_RX0_IRQHandler
                0x08034f10                DMA2_Stream3_IRQHandler
                0x08034f10                USART6_IRQHandler
                0x08034f10                CRYP_IRQHandler
                0x08034f10                CAN1_RX1_IRQHandler
                0x08034f10                UART5_IRQHandler
                0x08034f10                DMA2_Stream0_IRQHandler
                0x08034f10                DMA1_Stream1_IRQHandler
                0x08034f10                UART4_IRQHandler
                0x08034f10                TIM3_IRQHandler
                0x08034f10                RCC_IRQHandler
                0x08034f10                TIM8_BRK_TIM12_IRQHandler
                0x08034f10                Default_Handler
                0x08034f10                EXTI15_10_IRQHandler
                0x08034f10                ADC_IRQHandler
                0x08034f10                DMA1_Stream7_IRQHandler
                0x08034f10                TIM7_IRQHandler
                0x08034f10                CAN2_TX_IRQHandler
                0x08034f10                TIM5_IRQHandler
                0x08034f10                I2C3_EV_IRQHandler
                0x08034f10                EXTI9_5_IRQHandler
                0x08034f10                RTC_WKUP_IRQHandler
                0x08034f10                ETH_WKUP_IRQHandler
                0x08034f10                SPI2_IRQHandler
                0x08034f10                OTG_HS_EP1_IN_IRQHandler
                0x08034f10                DMA1_Stream0_IRQHandler
                0x08034f10                CAN1_TX_IRQHandler
                0x08034f10                EXTI4_IRQHandler
                0x08034f10                FSMC_IRQHandler
                0x08034f10                ETH_IRQHandler
                0x08034f10                OTG_HS_EP1_OUT_IRQHandler
                0x08034f10                WWDG_IRQHandler
                0x08034f10                TIM2_IRQHandler
                0x08034f10                TIM1_TRG_COM_TIM11_IRQHandler
                0x08034f10                OTG_HS_IRQHandler
                0x08034f10                EXTI1_IRQHandler
                0x08034f10                USART2_IRQHandler
                0x08034f10                DMA2_Stream1_IRQHandler
                0x08034f10                CAN1_SCE_IRQHandler
                0x08034f10                FLASH_IRQHandler
                0x08034f10                DMA2_Stream4_IRQHandler
                0x08034f10                USART1_IRQHandler
                0x08034f10                SPI3_IRQHandler
                0x08034f10                DMA1_Stream4_IRQHandler
                0x08034f10                DMA2_Stream6_IRQHandler
                0x08034f10                DMA1_Stream3_IRQHandler
 *(.rodata)
 .rodata        0x08034f14       0x98 ./src/vcp/usbd_desc.o
 .rodata        0x08034fac       0x54 ./src/max7456/osdWidgets.o
 .rodata        0x08035000       0xc8 ./src/gps/gps.o
 .rodata        0x080350c8       0x28 ./src/gps/gpsNMEA.o
 .rodata        0x080350f0     0x406c ./src/drv/drv_max7456.o
                0x080350f0                fontdata
 .rodata        0x0803915c      0x1e0 ./src/calibration/escCalibration.o
 .rodata        0x0803933c      0x14c ./src/calibration/magCalibration.o
 .rodata        0x08039488      0x11c ./src/calibration/mpu6000Calibration.o
 .rodata        0x080395a4      0xe7c ./src/cli.o
 .rodata        0x0803a420     0x1cd0 ./src/cliSupport.o
 .rodata        0x0803c0f0       0x14 ./src/config.o
                0x0803c0f0                rcChannelLetters
 .rodata        0x0803c104        0xc ./src/main.o
 .rodata        0x0803c110      0x814 ./src/rfTelem.o
 .rodata        0x0803c924       0x2c ./src/utilities.o
 .rodata        0x0803c950       0x30 c:/program files (x86)/codesourcery/sourcery_codebench_lite_for_arm_eabi/bin/../lib/gcc/arm-none-eabi/4.6.3/../../../../arm-none-eabi/lib/thumb2\libm.a(lib_a-e_pow.o)
 .rodata        0x0803c980      0x398 c:/program files (x86)/codesourcery/sourcery_codebench_lite_for_arm_eabi/bin/../lib/gcc/arm-none-eabi/4.6.3/../../../../arm-none-eabi/lib/thumb2\libm.a(lib_a-ef_rem_pio2.o)
 .rodata        0x0803cd18       0x38 c:/program files (x86)/codesourcery/sourcery_codebench_lite_for_arm_eabi/bin/../lib/gcc/arm-none-eabi/4.6.3/../../../../arm-none-eabi/lib/thumb2\libm.a(lib_a-kf_rem_pio2.o)
 .rodata        0x0803cd50       0x40 c:/program files (x86)/codesourcery/sourcery_codebench_lite_for_arm_eabi/bin/../lib/gcc/arm-none-eabi/4.6.3/../../../../arm-none-eabi/lib/thumb2\libm.a(lib_a-s_atan.o)
 .rodata        0x0803cd90       0x10 c:/program files (x86)/codesourcery/sourcery_codebench_lite_for_arm_eabi/bin/../lib/gcc/arm-none-eabi/4.6.3/../../../../arm-none-eabi/lib/thumb2\libm.a(lib_a-s_rint.o)
 .rodata        0x0803cda0       0x20 c:/program files (x86)/codesourcery/sourcery_codebench_lite_for_arm_eabi/bin/../lib/gcc/arm-none-eabi/4.6.3/../../../../arm-none-eabi/lib/thumb2\libm.a(lib_a-sf_atan.o)
 .rodata        0x0803cdc0       0x20 c:/program files (x86)/codesourcery/sourcery_codebench_lite_for_arm_eabi/bin/../lib/gcc/arm-none-eabi/4.6.3/../../../../arm-none-eabi/lib/thumb2\libc.a(lib_a-svfprintf.o)
 .rodata        0x0803cde0      0x128 c:/program files (x86)/codesourcery/sourcery_codebench_lite_for_arm_eabi/bin/../lib/gcc/arm-none-eabi/4.6.3/../../../../arm-none-eabi/lib/thumb2\libc.a(lib_a-mprec.o)
                0x0803cdf0                __mprec_tens
                0x0803ceb8                __mprec_tinytens
                0x0803cee0                __mprec_bigtens
 .rodata        0x0803cf08       0x20 c:/program files (x86)/codesourcery/sourcery_codebench_lite_for_arm_eabi/bin/../lib/gcc/arm-none-eabi/4.6.3/../../../../arm-none-eabi/lib/thumb2\libc.a(lib_a-svfiprintf.o)
 *(.rodata*)
 .rodata.str1.4
                0x0803cf28        0x4 c:/program files (x86)/codesourcery/sourcery_codebench_lite_for_arm_eabi/bin/../lib/gcc/arm-none-eabi/4.6.3/../../../../arm-none-eabi/lib/thumb2\libm.a(lib_a-w_pow.o)
 .rodata.str1.4
                0x0803cf2c        0x5 c:/program files (x86)/codesourcery/sourcery_codebench_lite_for_arm_eabi/bin/../lib/gcc/arm-none-eabi/4.6.3/../../../../arm-none-eabi/lib/thumb2\libm.a(lib_a-w_sqrt.o)
                                  0x8 (size before relaxing)
 *fill*         0x0803cf31        0x3 00
 .rodata.str1.4
                0x0803cf34        0x6 c:/program files (x86)/codesourcery/sourcery_codebench_lite_for_arm_eabi/bin/../lib/gcc/arm-none-eabi/4.6.3/../../../../arm-none-eabi/lib/thumb2\libm.a(lib_a-wf_asin.o)
                                  0xc (size before relaxing)
 .rodata.str1.4
                0x00000000        0x4 c:/program files (x86)/codesourcery/sourcery_codebench_lite_for_arm_eabi/bin/../lib/gcc/arm-none-eabi/4.6.3/../../../../arm-none-eabi/lib/thumb2\libm.a(lib_a-e_pow.o)
 *fill*         0x0803cf3a        0x2 00
 .rodata.str1.4
                0x0803cf3c        0x2 c:/program files (x86)/codesourcery/sourcery_codebench_lite_for_arm_eabi/bin/../lib/gcc/arm-none-eabi/4.6.3/../../../../arm-none-eabi/lib/thumb2\libc.a(lib_a-impure.o)
                                  0x4 (size before relaxing)
 *fill*         0x0803cf3e        0x2 00
 .rodata.str1.4
                0x0803cf40       0x42 c:/program files (x86)/codesourcery/sourcery_codebench_lite_for_arm_eabi/bin/../lib/gcc/arm-none-eabi/4.6.3/../../../../arm-none-eabi/lib/thumb2\libc.a(lib_a-svfprintf.o)
                                 0x44 (size before relaxing)
 *fill*         0x0803cf82        0x2 00
 .rodata.str1.4
                0x0803cf84       0x10 c:/program files (x86)/codesourcery/sourcery_codebench_lite_for_arm_eabi/bin/../lib/gcc/arm-none-eabi/4.6.3/../../../../arm-none-eabi/lib/thumb2\libc.a(lib_a-dtoa.o)
                                 0x14 (size before relaxing)
 .rodata.str1.4
                0x0803cf94        0xc c:/program files (x86)/codesourcery/sourcery_codebench_lite_for_arm_eabi/bin/../lib/gcc/arm-none-eabi/4.6.3/../../../../arm-none-eabi/lib/thumb2\libc.a(lib_a-locale.o)
                                 0x14 (size before relaxing)
 .rodata.str1.4
                0x00000000       0x30 c:/program files (x86)/codesourcery/sourcery_codebench_lite_for_arm_eabi/bin/../lib/gcc/arm-none-eabi/4.6.3/../../../../arm-none-eabi/lib/thumb2\libc.a(lib_a-svfiprintf.o)
 *(.glue_7)
 .glue_7        0x00000000        0x0 linker stubs
 *(.glue_7t)
 .glue_7t       0x00000000        0x0 linker stubs
 *(.eh_frame)
 .eh_frame      0x0803cfa0        0x0 c:/program files (x86)/codesourcery/sourcery_codebench_lite_for_arm_eabi/bin/../lib/gcc/arm-none-eabi/4.6.3/thumb2/crtbegin.o
 *(.init)
 .init          0x0803cfa0        0x4 c:/program files (x86)/codesourcery/sourcery_codebench_lite_for_arm_eabi/bin/../lib/gcc/arm-none-eabi/4.6.3/thumb2/crti.o
                0x0803cfa0                _init
 .init          0x0803cfa4        0x8 c:/program files (x86)/codesourcery/sourcery_codebench_lite_for_arm_eabi/bin/../lib/gcc/arm-none-eabi/4.6.3/thumb2/crtn.o
 *(.fini)
 .fini          0x0803cfac        0x4 c:/program files (x86)/codesourcery/sourcery_codebench_lite_for_arm_eabi/bin/../lib/gcc/arm-none-eabi/4.6.3/thumb2/crti.o
                0x0803cfac                _fini
 .fini          0x0803cfb0        0x8 c:/program files (x86)/codesourcery/sourcery_codebench_lite_for_arm_eabi/bin/../lib/gcc/arm-none-eabi/4.6.3/thumb2/crtn.o
                0x0803cfb8                . = ALIGN (0x4)
                0x0803cfb8                _etext = .

.vfp11_veneer   0x0803cfb8        0x0
 .vfp11_veneer  0x00000000        0x0 linker stubs

.v4_bx          0x0803cfb8        0x0
 .v4_bx         0x00000000        0x0 linker stubs

.iplt           0x0803cfb8        0x0
 .iplt          0x00000000        0x0 c:/program files (x86)/codesourcery/sourcery_codebench_lite_for_arm_eabi/bin/../lib/gcc/arm-none-eabi/4.6.3/thumb2/crtbegin.o

.ARM.extab
 *(.ARM.extab* .gnu.linkonce.armextab.*)

.ARM            0x0803cfb8        0x8
                0x0803cfb8                __exidx_start = .
 *(.ARM.exidx*)
 .ARM.exidx     0x0803cfb8        0x8 c:/program files (x86)/codesourcery/sourcery_codebench_lite_for_arm_eabi/bin/../lib/gcc/arm-none-eabi/4.6.3/thumb2\libgcc.a(_divdi3.o)
 .ARM.exidx     0x0803cfc0        0x0 c:/program files (x86)/codesourcery/sourcery_codebench_lite_for_arm_eabi/bin/../lib/gcc/arm-none-eabi/4.6.3/thumb2\libgcc.a(_udivdi3.o)
                                  0x8 (size before relaxing)
                0x0803cfc0                __exidx_end = .

.rel.dyn        0x0803cfc0        0x0
 .rel.iplt      0x00000000        0x0 c:/program files (x86)/codesourcery/sourcery_codebench_lite_for_arm_eabi/bin/../lib/gcc/arm-none-eabi/4.6.3/thumb2/crtbegin.o

.preinit_array  0x0803cfc0        0x0
                0x0803cfc0                PROVIDE (__preinit_array_start, .)
 *(.preinit_array*)
                0x0803cfc0                PROVIDE (__preinit_array_end, .)

.init_array     0x0803cfc0        0x4
                0x0803cfc0                PROVIDE (__init_array_start, .)
 *(SORT(.init_array.*))
 *(.init_array*)
 .init_array    0x0803cfc0        0x4 c:/program files (x86)/codesourcery/sourcery_codebench_lite_for_arm_eabi/bin/../lib/gcc/arm-none-eabi/4.6.3/thumb2/crtbegin.o
                0x0803cfc4                PROVIDE (__init_array_end, .)

.fini_array     0x0803cfc4        0x4
                0x0803cfc4                PROVIDE (__fini_array_start, .)
 *(.fini_array*)
 .fini_array    0x0803cfc4        0x4 c:/program files (x86)/codesourcery/sourcery_codebench_lite_for_arm_eabi/bin/../lib/gcc/arm-none-eabi/4.6.3/thumb2/crtbegin.o
 *(SORT(.fini_array.*))
                0x0803cfc8                PROVIDE (__fini_array_end, .)
                0x0803cfc8                _sidata = .

.data           0x20000000      0x7a4 load address 0x0803cfc8
                0x20000000                . = ALIGN (0x4)
                0x20000000                _sdata = .
 *(.data)
 .data          0x20000000       0x14 ./src/vcp/usbd_cdc.o
                0x20000000                cdc_fops
 .data          0x20000014       0x40 ./src/vcp/usbd_desc.o
                0x20000014                USR_desc
                0x20000030                USBD_DeviceDesc
                0x20000044                USBD_DeviceQualifierDesc
                0x20000050                USBD_LangIDDesc
 .data          0x20000054       0x1c ./src/vcp/usbd_usr.o
                0x20000054                USR_cb
 .data          0x20000070        0x4 ./src/sensors/mpu6000.o
                0x20000070                accelOneG
 .data          0x20000074        0xa ./src/max7456/osdWidgets.o
                0x20000074                lastHoldState
                0x20000076                lastAltitude
                0x20000078                lastHoldAltitude
                0x2000007a                lastAHflightMode
                0x2000007b                lastATTflightMode
                0x2000007c                lastOSDheading
 *fill*         0x2000007e        0x2 00
 .data          0x20000080       0x20 ./src/drv/drv_pwmEsc.o
 .data          0x200000a0        0xc ./src/drv/drv_pwmServo.o
 .data          0x200000ac       0x40 ./src/drv/drv_rx.o
 .data          0x200000ec        0xc ./src/MargAHRS.o
                0x200000ec                q0
                0x200000f0                accConfidence
 .data          0x200000f8        0x1 ./src/config.o
 *fill*         0x200000f9        0x3 00
 .data          0x200000fc       0x2c ./src/flightCommand.o
                0x200000fc                rxCommand
                0x2000011c                commandInDetent
                0x20000120                previousCommandInDetent
                0x20000124                previousAUX2State
 .data          0x20000128       0x2c ./src/mixer.o
                0x20000128                motor
                0x20000148                servo
 .data          0x20000154        0x1 ./src/pid.o
                0x20000154                holdIntegrators
 *fill*         0x20000155        0x3 00
 .data          0x20000158       0x14 ./src/system_stm32f4xx.o
                0x20000158                SystemCoreClock
                0x2000015c                AHBPrescTable
 .data          0x2000016c       0x30 ./Libraries/STM32_USB_Device_Library/Core/src/usbd_core.o
                0x2000016c                USBD_DCD_INT_cb
                0x20000198                USBD_DCD_INT_fops
 .data          0x2000019c       0x74 ./Libraries/STM32_USB_Device_Library/Class/cdc/src/usbd_cdc_core.o
                0x2000019c                usbd_cdc_CfgDesc
                0x200001e4                USBD_CDC_cb
 .data          0x20000210       0x10 ./Libraries/STM32F4xx_StdPeriph_Driver/src/stm32f4xx_rcc.o
 .data          0x20000220        0x1 c:/program files (x86)/codesourcery/sourcery_codebench_lite_for_arm_eabi/bin/../lib/gcc/arm-none-eabi/4.6.3/../../../../arm-none-eabi/lib/thumb2\libm.a(lib_a-s_lib_ver.o)
                0x20000220                __fdlib_version
 *fill*         0x20000221        0x3 00
 .data          0x20000224       0xf4 c:/program files (x86)/codesourcery/sourcery_codebench_lite_for_arm_eabi/bin/../lib/gcc/arm-none-eabi/4.6.3/../../../../arm-none-eabi/lib/thumb2\libc.a(lib_a-impure.o)
                0x20000224                _impure_ptr
 .data          0x20000318       0x7c c:/program files (x86)/codesourcery/sourcery_codebench_lite_for_arm_eabi/bin/../lib/gcc/arm-none-eabi/4.6.3/../../../../arm-none-eabi/lib/thumb2\libc.a(lib_a-locale.o)
                0x20000338                __mb_cur_max
 .data          0x20000394      0x410 c:/program files (x86)/codesourcery/sourcery_codebench_lite_for_arm_eabi/bin/../lib/gcc/arm-none-eabi/4.6.3/../../../../arm-none-eabi/lib/thumb2\libc.a(lib_a-mallocr.o)
                0x20000394                __malloc_av_
                0x2000079c                __malloc_sbrk_base
                0x200007a0                __malloc_trim_threshold
 *(.data*)
                0x200007a4                . = ALIGN (0x4)
                0x200007a4                _edata = .

.jcr            0x200007a4        0x0 load address 0x0803d76c
 .jcr           0x200007a4        0x0 c:/program files (x86)/codesourcery/sourcery_codebench_lite_for_arm_eabi/bin/../lib/gcc/arm-none-eabi/4.6.3/thumb2/crtbegin.o

.igot.plt       0x200007a4        0x0 load address 0x0803d76c
 .igot.plt      0x00000000        0x0 c:/program files (x86)/codesourcery/sourcery_codebench_lite_for_arm_eabi/bin/../lib/gcc/arm-none-eabi/4.6.3/thumb2/crtbegin.o
                0x200007a4                . = ALIGN (0x4)

.bss            0x200007a8     0x37bc load address 0x0803d770
                0x200007a8                _sbss = .
                0x200007a8                __bss_start__ = _sbss
 *(.bss)
 .bss           0x200007a8       0x1c c:/program files (x86)/codesourcery/sourcery_codebench_lite_for_arm_eabi/bin/../lib/gcc/arm-none-eabi/4.6.3/thumb2/crtbegin.o
 .bss           0x200007c4        0x2 ./src/sensors/hmc5883.o
                0x200007c4                magDataUpdate
                0x200007c5                newMagData
 *fill*         0x200007c6        0x2 00
 .bss           0x200007c8       0x34 ./src/sensors/mpu6000.o
                0x200007c8                accelSum100Hz
                0x200007d4                accelSum500Hz
                0x200007e0                accelTCBias
                0x200007ec                gyroSum500Hz
                0x200007f8                mpu6000Calibrating
 .bss           0x200007fc        0x8 ./src/sensors/ms5611.o
                0x200007fc                d1Sum
                0x20000800                pressureAltValid
 .bss           0x20000804       0x10 ./src/max7456/osdWidgets.o
                0x20000804                ahOldLine
                0x2000080c                aiOldline
 .bss           0x20000814        0x1 ./src/gps/gpsNMEA.o
                0x20000814                sentenceLength
 *fill*         0x20000815        0x3 00
 .bss           0x20000818        0x8 ./src/drv/drv_gps.o
                0x20000818                rx2DMAPos
                0x2000081c                tx2BufferTail
                0x2000081e                tx2BufferHead
 .bss           0x20000820       0x1c ./src/drv/drv_i2c.o
 .bss           0x2000083c        0xa ./src/drv/drv_max7456.o
                0x2000083c                osdDisabled
                0x2000083e                maxScreenSize
                0x20000840                maxScreenRows
                0x20000842                enableDisplay
                0x20000843                enableDisplayVert
                0x20000844                max7456Reset
                0x20000845                disableDisplay
 *fill*         0x20000846        0x2 00
 .bss           0x20000848       0x48 ./src/drv/drv_rx.o
                0x20000848                rcActive
                0x20000886                spektrumFrameComplete
 .bss           0x20000890       0x18 ./src/drv/drv_system.o
                0x2000089c                frameCounter
                0x2000089e                frame_500Hz
                0x2000089f                frame_100Hz
                0x200008a0                frame_50Hz
                0x200008a1                frame_10Hz
                0x200008a2                frame_5Hz
                0x200008a3                frame_1Hz
                0x200008a4                systemReady
                0x200008a5                execUp
 .bss           0x200008a8        0x8 ./src/drv/drv_telemetry.o
                0x200008a8                rx1DMAPos
                0x200008ac                tx1BufferTail
                0x200008ae                tx1BufferHead
 .bss           0x200008b0        0x1 ./src/drv/drv_usb.o
                0x200008b0                usbDeviceConfigured
 .bss           0x200008b1        0x1 ./src/calibration/escCalibration.o
                0x200008b1                escCalibrating
 .bss           0x200008b2        0x1 ./src/calibration/magCalibration.o
                0x200008b2                magCalibrating
 *fill*         0x200008b3        0x1 00
 .bss           0x200008b4       0x44 ./src/MargAHRS.o
                0x200008b4                exAcc
                0x200008b8                eyAcc
                0x200008bc                ezAcc
                0x200008c0                exAccInt
                0x200008c4                eyAccInt
                0x200008c8                ezAccInt
                0x200008cc                exMag
                0x200008d0                eyMag
                0x200008d4                ezMag
                0x200008d8                exMagInt
                0x200008dc                eyMagInt
                0x200008e0                ezMagInt
                0x200008e4                q1
                0x200008e8                q2
                0x200008ec                q3
                0x200008f0                MargAHRSinitialized
                0x200008f4                accConfidenceDecay
 .bss           0x200008f8        0xc ./src/cli.o
                0x200008f8                cliBusy
                0x200008fb                highSpeedTelem1Enabled
                0x200008fc                highSpeedTelem2Enabled
                0x200008fd                highSpeedTelem3Enabled
                0x200008fe                highSpeedTelem4Enabled
                0x200008ff                highSpeedTelem5Enabled
                0x20000900                highSpeedTelem6Enabled
                0x20000901                highSpeedTelem7Enabled
                0x20000902                highSpeedTelem8Enabled
                0x20000903                highSpeedTelem9Enabled
 .bss           0x20000904        0x1 ./src/computeAxisCommands.o
                0x20000904                previousHeadingHoldEngaged
 *fill*         0x20000905        0x3 00
 .bss           0x20000908        0xc ./src/coordinateTransforms.o
                0x20000908                earthAxisAccels
 .bss           0x20000914        0xc ./src/flightCommand.o
                0x20000914                flightMode
                0x20000915                headingHoldEngaged
                0x20000916                armed
                0x20000917                armingTimer
                0x20000918                altitudeHoldState
                0x2000091c                altitudeHoldThrottleValue
 .bss           0x20000920        0x1 ./src/main.o
                0x20000920                execUpCount
 .bss           0x20000921        0x3 ./src/rfTelem.o
                0x20000921                rfBusy
 .bss           0x20000924        0x4 ./src/utilities.o
 .bss           0x20000928        0xc ./src/vertCompFilter.o
                0x20000928                estimationError
                0x2000092c                hDotEstimate
                0x20000930                previousExecUp
 .bss           0x20000934       0x10 ./Libraries/STM32_USB_Device_Library/Core/src/usbd_req.o
                0x20000934                USBD_ep_status
                0x20000938                USBD_default_cfg
                0x2000093c                USBD_cfg_status
 .bss           0x20000944       0x1c ./Libraries/STM32_USB_Device_Library/Class/cdc/src/usbd_cdc_core.o
                0x20000948                APP_Rx_ptr_in
                0x2000094c                APP_Rx_ptr_out
                0x20000950                APP_Rx_length
                0x20000954                USB_Tx_State
 .bss           0x20000960       0x34 c:/program files (x86)/codesourcery/sourcery_codebench_lite_for_arm_eabi/bin/../lib/gcc/arm-none-eabi/4.6.3/../../../../arm-none-eabi/lib/thumb2\libc.a(lib_a-mallocr.o)
                0x20000960                __malloc_top_pad
                0x20000964                __malloc_current_mallinfo
                0x2000098c                __malloc_max_sbrked_mem
                0x20000990                __malloc_max_total_mem
 *(.bss*)
 *(COMMON)
 COMMON         0x20000994       0x6c ./src/vcp/usbd_cdc.o
                0x20000994                Rx_Buf_TopIdx
                0x20000998                Rx_Buf_BotIdx
                0x2000099c                Rx_Buf
 COMMON         0x20000a00        0x3 ./src/vcp/usbd_usr.o
                0x20000a00                nmeaProcessDataState
                0x20000a01                mtk19ProcessDataState
                0x20000a02                ubloxProcessDataState
 *fill*         0x20000a03        0x1 00
 COMMON         0x20000a04       0x14 ./src/sensors/hmc5883.o
                0x20000a04                rawMag
                0x20000a0c                magScaleFactor
 COMMON         0x20000a18       0x54 ./src/sensors/mpu6000.o
                0x20000a18                rawMPU6000Temperature
                0x20000a1c                gyroTCBias
                0x20000a28                rawAccel
                0x20000a30                mpu6000Temperature
                0x20000a34                gyroSummedSamples500Hz