Archive member included because of file (symbol)

c:/program files (x86)/codesourcery/sourcery_codebench_lite_for_arm_eabi/bin/../lib/gcc/arm-none-eabi/4.6.3/../../../../arm-none-eabi/lib/thumb2\libm.a(lib_a-sf_cos.o)
                              ./src/MargAHRS.o (cosf)
c:/program files (x86)/codesourcery/sourcery_codebench_lite_for_arm_eabi/bin/../lib/gcc/arm-none-eabi/4.6.3/../../../../arm-none-eabi/lib/thumb2\libm.a(lib_a-sf_sin.o)
                              ./src/MargAHRS.o (sinf)
c:/program files (x86)/codesourcery/sourcery_codebench_lite_for_arm_eabi/bin/../lib/gcc/arm-none-eabi/4.6.3/../../../../arm-none-eabi/lib/thumb2\libm.a(lib_a-w_atan2.o)
                              ./src/MargAHRS.o (atan2)
c:/program files (x86)/codesourcery/sourcery_codebench_lite_for_arm_eabi/bin/../lib/gcc/arm-none-eabi/4.6.3/../../../../arm-none-eabi/lib/thumb2\libm.a(lib_a-w_pow.o)
                              ./src/sensors/ms5611.o (pow)
c:/program files (x86)/codesourcery/sourcery_codebench_lite_for_arm_eabi/bin/../lib/gcc/arm-none-eabi/4.6.3/../../../../arm-none-eabi/lib/thumb2\libm.a(lib_a-w_sqrt.o)
                              ./src/sensors/mpu6000.o (sqrt)
c:/program files (x86)/codesourcery/sourcery_codebench_lite_for_arm_eabi/bin/../lib/gcc/arm-none-eabi/4.6.3/../../../../arm-none-eabi/lib/thumb2\libm.a(lib_a-wf_asin.o)
                              ./src/MargAHRS.o (asinf)
c:/program files (x86)/codesourcery/sourcery_codebench_lite_for_arm_eabi/bin/../lib/gcc/arm-none-eabi/4.6.3/../../../../arm-none-eabi/lib/thumb2\libm.a(lib_a-wf_atan2.o)
                              ./src/MargAHRS.o (atan2f)
c:/program files (x86)/codesourcery/sourcery_codebench_lite_for_arm_eabi/bin/../lib/gcc/arm-none-eabi/4.6.3/../../../../arm-none-eabi/lib/thumb2\libm.a(lib_a-e_atan2.o)
                              c:/program files (x86)/codesourcery/sourcery_codebench_lite_for_arm_eabi/bin/../lib/gcc/arm-none-eabi/4.6.3/../../../../arm-none-eabi/lib/thumb2\libm.a(lib_a-w_atan2.o) (__ieee754_atan2)
c:/program files (x86)/codesourcery/sourcery_codebench_lite_for_arm_eabi/bin/../lib/gcc/arm-none-eabi/4.6.3/../../../../arm-none-eabi/lib/thumb2\libm.a(lib_a-e_pow.o)
                              c:/program files (x86)/codesourcery/sourcery_codebench_lite_for_arm_eabi/bin/../lib/gcc/arm-none-eabi/4.6.3/../../../../arm-none-eabi/lib/thumb2\libm.a(lib_a-w_pow.o) (__ieee754_pow)
c:/program files (x86)/codesourcery/sourcery_codebench_lite_for_arm_eabi/bin/../lib/gcc/arm-none-eabi/4.6.3/../../../../arm-none-eabi/lib/thumb2\libm.a(lib_a-e_sqrt.o)
                              c:/program files (x86)/codesourcery/sourcery_codebench_lite_for_arm_eabi/bin/../lib/gcc/arm-none-eabi/4.6.3/../../../../arm-none-eabi/lib/thumb2\libm.a(lib_a-w_sqrt.o) (__ieee754_sqrt)
c:/program files (x86)/codesourcery/sourcery_codebench_lite_for_arm_eabi/bin/../lib/gcc/arm-none-eabi/4.6.3/../../../../arm-none-eabi/lib/thumb2\libm.a(lib_a-ef_asin.o)
                              c:/program files (x86)/codesourcery/sourcery_codebench_lite_for_arm_eabi/bin/../lib/gcc/arm-none-eabi/4.6.3/../../../../arm-none-eabi/lib/thumb2\libm.a(lib_a-wf_asin.o) (__ieee754_asinf)
c:/program files (x86)/codesourcery/sourcery_codebench_lite_for_arm_eabi/bin/../lib/gcc/arm-none-eabi/4.6.3/../../../../arm-none-eabi/lib/thumb2\libm.a(lib_a-ef_atan2.o)
                              c:/program files (x86)/codesourcery/sourcery_codebench_lite_for_arm_eabi/bin/../lib/gcc/arm-none-eabi/4.6.3/../../../../arm-none-eabi/lib/thumb2\libm.a(lib_a-wf_atan2.o) (__ieee754_atan2f)
c:/program files (x86)/codesourcery/sourcery_codebench_lite_for_arm_eabi/bin/../lib/gcc/arm-none-eabi/4.6.3/../../../../arm-none-eabi/lib/thumb2\libm.a(lib_a-ef_rem_pio2.o)
                              c:/program files (x86)/codesourcery/sourcery_codebench_lite_for_arm_eabi/bin/../lib/gcc/arm-none-eabi/4.6.3/../../../../arm-none-eabi/lib/thumb2\libm.a(lib_a-sf_cos.o) (__ieee754_rem_pio2f)
c:/program files (x86)/codesourcery/sourcery_codebench_lite_for_arm_eabi/bin/../lib/gcc/arm-none-eabi/4.6.3/../../../../arm-none-eabi/lib/thumb2\libm.a(lib_a-ef_sqrt.o)
                              c:/program files (x86)/codesourcery/sourcery_codebench_lite_for_arm_eabi/bin/../lib/gcc/arm-none-eabi/4.6.3/../../../../arm-none-eabi/lib/thumb2\libm.a(lib_a-ef_asin.o) (__ieee754_sqrtf)
c:/program files (x86)/codesourcery/sourcery_codebench_lite_for_arm_eabi/bin/../lib/gcc/arm-none-eabi/4.6.3/../../../../arm-none-eabi/lib/thumb2\libm.a(lib_a-kf_cos.o)
                              c:/program files (x86)/codesourcery/sourcery_codebench_lite_for_arm_eabi/bin/../lib/gcc/arm-none-eabi/4.6.3/../../../../arm-none-eabi/lib/thumb2\libm.a(lib_a-sf_cos.o) (__kernel_cosf)
c:/program files (x86)/codesourcery/sourcery_codebench_lite_for_arm_eabi/bin/../lib/gcc/arm-none-eabi/4.6.3/../../../../arm-none-eabi/lib/thumb2\libm.a(lib_a-kf_rem_pio2.o)
[...]
Memory Configuration

Name             Origin             Length             Attributes
VECTOR           0x08000000         0x00004000         xr
EEPROM           0x08004000         0x00004000         xr
FLASH            0x08008000         0x000f8000         xr
RAM              0x20000000         0x00020000         xrw
*default*        0x00000000         0xffffffff

Linker script and memory map

LOAD c:/program files (x86)/codesourcery/sourcery_codebench_lite_for_arm_eabi/bin/../lib/gcc/arm-none-eabi/4.6.3/thumb2/crti.o
LOAD c:/program files (x86)/codesourcery/sourcery_codebench_lite_for_arm_eabi/bin/../lib/gcc/arm-none-eabi/4.6.3/thumb2/crtbegin.o
LOAD ./src/vcp/usb_bsp.o
LOAD ./src/vcp/usbd_cdc.o
LOAD ./src/vcp/usbd_desc.o
LOAD ./src/vcp/usbd_usr.o
LOAD ./src/startup/startup_stm32f4xx.o
LOAD ./src/sensors/hmc5883.o
LOAD ./src/sensors/mpu6000.o
LOAD ./src/sensors/ms5611.o
LOAD ./src/max7456/osdWidgets.o
LOAD ./src/drv/drv_i2c.o
LOAD ./src/drv/drv_led.o
LOAD ./src/drv/drv_max7456.o
LOAD ./src/drv/drv_pwmEsc.o
LOAD ./src/drv/drv_pwmServo.o
LOAD ./src/drv/drv_rx.o
LOAD ./src/drv/drv_spi.o
LOAD ./src/drv/drv_system.o
LOAD ./src/drv/drv_timingFunctions.o
LOAD ./src/drv/drv_uart2.o
LOAD ./src/drv/drv_uart3.o
LOAD ./src/drv/drv_usb.o
LOAD ./src/calibration/escCalibration.o
LOAD ./src/calibration/magCalibration.o
LOAD ./src/calibration/mpu6000Calibration.o
LOAD ./src/MargAHRS.o
LOAD ./src/cli.o
LOAD ./src/cliSupport.o
LOAD ./src/computeAxisCommands.o
LOAD ./src/config.o
LOAD ./src/coordinateTransforms.o
LOAD ./src/flightCommand.o
LOAD ./src/linearAlgebra.o
LOAD ./src/lowPassFilter.o
LOAD ./src/main.o
LOAD ./src/mixer.o
LOAD ./src/pid.o
LOAD ./src/rfTelem.o
LOAD ./src/stm32f4xx_it.o
LOAD ./src/system_stm32f4xx.o
LOAD ./src/utilities.o
LOAD ./src/vertCompFilter.o
LOAD ./Libraries/STM32_USB_OTG_Driver/src/usb_core.o
LOAD ./Libraries/STM32_USB_OTG_Driver/src/usb_dcd.o
LOAD ./Libraries/STM32_USB_OTG_Driver/src/usb_dcd_int.o
LOAD ./Libraries/STM32_USB_Device_Library/Core/src/usbd_core.o
LOAD ./Libraries/STM32_USB_Device_Library/Core/src/usbd_ioreq.o
LOAD ./Libraries/STM32_USB_Device_Library/Core/src/usbd_req.o
LOAD ./Libraries/STM32_USB_Device_Library/Class/cdc/src/usbd_cdc_core.o
LOAD ./Libraries/STM32F4xx_StdPeriph_Driver/src/misc.o
LOAD ./Libraries/STM32F4xx_StdPeriph_Driver/src/stm32f4xx_adc.o
LOAD ./Libraries/STM32F4xx_StdPeriph_Driver/src/stm32f4xx_can.o
LOAD ./Libraries/STM32F4xx_StdPeriph_Driver/src/stm32f4xx_crc.o
LOAD ./Libraries/STM32F4xx_StdPeriph_Driver/src/stm32f4xx_cryp.o
LOAD ./Libraries/STM32F4xx_StdPeriph_Driver/src/stm32f4xx_cryp_aes.o
LOAD ./Libraries/STM32F4xx_StdPeriph_Driver/src/stm32f4xx_cryp_des.o
LOAD ./Libraries/STM32F4xx_StdPeriph_Driver/src/stm32f4xx_cryp_tdes.o
LOAD ./Libraries/STM32F4xx_StdPeriph_Driver/src/stm32f4xx_dac.o
LOAD ./Libraries/STM32F4xx_StdPeriph_Driver/src/stm32f4xx_dbgmcu.o
LOAD ./Libraries/STM32F4xx_StdPeriph_Driver/src/stm32f4xx_dcmi.o
LOAD ./Libraries/STM32F4xx_StdPeriph_Driver/src/stm32f4xx_dma.o
LOAD ./Libraries/STM32F4xx_StdPeriph_Driver/src/stm32f4xx_exti.o
LOAD ./Libraries/STM32F4xx_StdPeriph_Driver/src/stm32f4xx_flash.o
LOAD ./Libraries/STM32F4xx_StdPeriph_Driver/src/stm32f4xx_fsmc.o
LOAD ./Libraries/STM32F4xx_StdPeriph_Driver/src/stm32f4xx_gpio.o
LOAD ./Libraries/STM32F4xx_StdPeriph_Driver/src/stm32f4xx_hash.o
LOAD ./Libraries/STM32F4xx_StdPeriph_Driver/src/stm32f4xx_hash_md5.o
LOAD ./Libraries/STM32F4xx_StdPeriph_Driver/src/stm32f4xx_hash_sha1.o
LOAD ./Libraries/STM32F4xx_StdPeriph_Driver/src/stm32f4xx_i2c.o
LOAD ./Libraries/STM32F4xx_StdPeriph_Driver/src/stm32f4xx_iwdg.o
LOAD ./Libraries/STM32F4xx_StdPeriph_Driver/src/stm32f4xx_pwr.o
LOAD ./Libraries/STM32F4xx_StdPeriph_Driver/src/stm32f4xx_rcc.o
LOAD ./Libraries/STM32F4xx_StdPeriph_Driver/src/stm32f4xx_rng.o
LOAD ./Libraries/STM32F4xx_StdPeriph_Driver/src/stm32f4xx_rtc.o
LOAD ./Libraries/STM32F4xx_StdPeriph_Driver/src/stm32f4xx_sdio.o
LOAD ./Libraries/STM32F4xx_StdPeriph_Driver/src/stm32f4xx_spi.o
LOAD ./Libraries/STM32F4xx_StdPeriph_Driver/src/stm32f4xx_syscfg.o
LOAD ./Libraries/STM32F4xx_StdPeriph_Driver/src/stm32f4xx_tim.o
LOAD ./Libraries/STM32F4xx_StdPeriph_Driver/src/stm32f4xx_usart.o
LOAD ./Libraries/STM32F4xx_StdPeriph_Driver/src/stm32f4xx_wwdg.o
LOAD c:/program files (x86)/codesourcery/sourcery_codebench_lite_for_arm_eabi/bin/../lib/gcc/arm-none-eabi/4.6.3/../../../../arm-none-eabi/lib/thumb2\libm.a
START GROUP
LOAD c:/program files (x86)/codesourcery/sourcery_codebench_lite_for_arm_eabi/bin/../lib/gcc/arm-none-eabi/4.6.3/thumb2\libgcc.a
LOAD c:/program files (x86)/codesourcery/sourcery_codebench_lite_for_arm_eabi/bin/../lib/gcc/arm-none-eabi/4.6.3/../../../../arm-none-eabi/lib/thumb2\libc.a
END GROUP
LOAD c:/program files (x86)/codesourcery/sourcery_codebench_lite_for_arm_eabi/bin/../lib/gcc/arm-none-eabi/4.6.3/thumb2/crtend.o
LOAD c:/program files (x86)/codesourcery/sourcery_codebench_lite_for_arm_eabi/bin/../lib/gcc/arm-none-eabi/4.6.3/thumb2/crtn.o
                0x20020000                _estack = 0x20020000
                0x00000000                _Min_Heap_Size = 0x0
                0x00000400                _Min_Stack_Size = 0x400

.isr_vector     0x08000000      0x188
                0x08000000                . = ALIGN (0x4)
 *(.isr_vector)
 .isr_vector    0x08000000      0x188 ./src/startup/startup_stm32f4xx.o
                0x08000000                g_pfnVectors
                0x08000188                . = ALIGN (0x4)

.eeprom         0x08004000        0x0
                0x08004000                . = ALIGN (0x4)
 *(.eeprom)
                0x08004000                . = ALIGN (0x4)

.text           0x08008000    0x330e0
                0x08008000                . = ALIGN (0x4)
 *(.text)
 .text          0x08008000       0x68 c:/program files (x86)/codesourcery/sourcery_codebench_lite_for_arm_eabi/bin/../lib/gcc/arm-none-eabi/4.6.3/thumb2/crtbegin.o
 .text          0x08008068      0x1ac ./src/vcp/usb_bsp.o
                0x08008068                USB_OTG_BSP_Init
                0x0800816c                USB_OTG_BSP_EnableInterrupt
                0x080081a8                USB_OTG_BSP_uDelay
                0x080081f8                USB_OTG_BSP_mDelay
 .text          0x08008214      0x2ec ./src/vcp/usbd_cdc.o
                0x080082f0                cdc_DataTx
                0x080083fc                cdc_RX_IsCharReady
                0x08008424                cdc_RX_ChkChar
                0x0800846c                cdc_RX_GetChar
                0x080084e8                cdc_RX_GetWaitChar
 .text          0x08008500      0x1b0 ./src/vcp/usbd_desc.o
                0x08008500                USBD_USR_DeviceDescriptor
                0x08008520                USBD_USR_LangIDStrDescriptor
                0x08008540                USBD_USR_ProductStrDescriptor
                0x08008590                USBD_USR_ManufacturerStrDescriptor
                0x080085c0                USBD_USR_SerialStrDescriptor
                0x08008610                USBD_USR_ConfigStrDescriptor
                0x08008660                USBD_USR_InterfaceStrDescriptor
 .text          0x080086b0       0x48 ./src/vcp/usbd_usr.o
                0x080086b0                USBD_USR_Init
                0x080086b4                USBD_USR_DeviceReset
                0x080086c0                USBD_USR_DeviceConfigured
                0x080086d0                USBD_USR_DeviceSuspended
                0x080086e0                USBD_USR_DeviceResumed
                0x080086f0                USBD_USR_DeviceConnected
                0x080086f4                USBD_USR_DeviceDisconnected
 .text          0x080086f8      0x2e8 ./src/sensors/hmc5883.o
                0x080086f8                readMag
                0x080087b0                initMag
 .text          0x080089e0      0x83c ./src/sensors/mpu6000.o
                0x080089e0                initMPU6000
                0x08008c44                readMPU6000
                0x08008e1c                computeMPU6000RTData
                0x08009090                computeMPU6000TCBias
 *fill*         0x0800921c        0x4 00
 .text          0x08009220      0x678 ./src/sensors/ms5611.o
                0x08009220                readTemperatureRequestPressure
                0x0800927c                readPressureRequestPressure
                0x080092d8                readPressureRequestTemperature
                0x08009334                calculateTemperature
                0x080093b8                calculatePressureAltitude
                0x0800971c                initPressure
 .text          0x08009898      0xc88 ./src/max7456/osdWidgets.o
                0x08009898                displayAltitude
                0x08009c4c                displayArtificialHorizon
                0x08009f0c                displayAttitude
                0x0800a464                displayHeading
 .text          0x0800a520     0x117c ./src/drv/drv_i2c.o
                0x0800a520                I2C_ER_Handler
                0x0800a650                I2C_EV_Handler
                0x0800add0                I2C1_ER_IRQHandler
                0x0800add8                I2C1_EV_IRQHandler
                0x0800ade0                I2C2_ER_IRQHandler
                0x0800ade8                I2C2_EV_IRQHandler
                0x0800adf0                i2cWriteBuffer
                0x0800afe8                i2cWrite
                0x0800b020                i2cRead
                0x0800b420                i2cInit
                0x0800b668                i2cGetErrorCounter
 .text          0x0800b69c       0xd4 ./src/drv/drv_led.o
                0x0800b69c                ledInit
 .text          0x0800b770      0x888 ./src/drv/drv_max7456.o
                0x0800b770                spiReadMax7456Register
                0x0800b7a4                spiWriteMax7456Register
                0x0800b7dc                hideOSD
                0x0800b830                unhideOSD
                0x0800b884                writeMax7456Chars
                0x0800b9c8                detectVideoStandard
                0x0800bc00                initMax7456
                0x0800bcc4                resetMax7456
                0x0800bd7c                showMax7456Font
                0x0800be88                waitNVM
                0x0800bea0                writeNVMcharacter
                0x0800bf64                downloadMax7456Font
 .text          0x0800bff8      0x2cc ./src/drv/drv_pwmEsc.o
                0x0800bff8                pwmEscInit
                0x0800c29c                pwmEscWrite
 .text          0x0800c2c4      0x160 ./src/drv/drv_pwmServo.o
                0x0800c2c4                pwmServoInit
                0x0800c3fc                pwmServoWrite
 .text          0x0800c424      0xc90 ./src/drv/drv_rx.o
                0x0800c6fc                TIM4_IRQHandler
                0x0800c72c                TIM1_CC_IRQHandler
                0x0800c73c                USART1_IRQHandler
                0x0800c8d0                rxInit
                0x0800ceb8                rxRead
                0x0800cf64                checkSpektrumBind
 .text          0x0800d0b4      0x4cc ./src/drv/drv_spi.o
                0x0800d0b4                spiInit
                0x0800d3ac                spiTransfer
                0x0800d454                setSPIdivisor
 .text          0x0800d580      0x898 ./src/drv/drv_system.o
                0x0800d690                SysTick_Handler
                0x0800db8c                micros
                0x0800dbd0                millis
                0x0800dbe0                systemInit
                0x0800dd14                delayMicroseconds
                0x0800dd88                delay
                0x0800ddb4                systemReset
 .text          0x0800de18      0x114 ./src/drv/drv_timingFunctions.o
                0x0800de18                timingFunctionsInit
                0x0800ded0                delayTimerMicroseconds
                0x0800df00                delayTimerMilliseconds
 .text          0x0800df2c      0x414 ./src/drv/drv_uart2.o
                0x0800dfe0                DMA1_Stream6_IRQHandler
                0x0800e024                uart2Init
                0x0800e204                uart2Available
                0x0800e230                uart2Read
                0x0800e28c                uart2ReadPoll
                0x0800e2a4                uart2Write
                0x0800e318                uart2Print
 .text          0x0800e340      0x414 ./src/drv/drv_uart3.o
                0x0800e3f4                DMA1_Stream3_IRQHandler
                0x0800e438                uart3Init
                0x0800e618                uart3Available
                0x0800e644                uart3Read
                0x0800e6a0                uart3ReadPoll
                0x0800e6b8                uart3Write
                0x0800e72c                uart3Print
 .text          0x0800e754      0x104 ./src/drv/drv_usb.o
                0x0800e754                usbInit
                0x0800e7f0                usbAvailable
                0x0800e80c                usbRead
                0x0800e830                usbPrint
 .text          0x0800e858      0x1c8 ./src/calibration/escCalibration.o
                0x0800e858                escCalibration
 .text          0x0800ea20      0x27c ./src/calibration/magCalibration.o
                0x0800ea20                magCalibration
 .text          0x0800ec9c      0x6d8 ./src/calibration/mpu6000Calibration.o
                0x0800ec9c                mpu6000Calibration
 *fill*         0x0800f374        0x4 00
 .text          0x0800f378     0x1458 ./src/MargAHRS.o
                0x0800f378                calculateAccConfidence
                0x0800f460                MargAHRSinit
                0x0800f878                MargAHRSupdate
 .text          0x080107d0     0x294c ./src/cli.o
                0x080107d0                highSpeedTelemDisable
                0x08010850                readStringUsb
                0x080108f4                readFloatUsb
                0x080109c8                readUsbPID
                0x08010a58                cliCom
 *fill*         0x0801311c        0x4 00
 .text          0x08013120     0x2c60 ./src/cliSupport.o
                0x08013120                max7456CLI
                0x080138c8                mixerCLI
                0x08014c30                receiverCLI
                0x080153f8                sensorCLI
 .text          0x08015d80      0x2f8 ./src/computeAxisCommands.o
                0x08015d80                computeAxisCommands
 .text          0x08016078      0xf90 ./src/config.o
                0x08016078                parseRcChannels
                0x080160d8                readEEPROM
                0x08016190                writeEEPROM
                0x0801620c                checkFirstTime
 .text          0x08017008      0x240 ./src/coordinateTransforms.o
                0x08017008                createRotationMatrix
                0x080171ec                bodyAccelToEarthAccel
 .text          0x08017248      0x7bc ./src/flightCommand.o
                0x08017248                processFlightCommands
 .text          0x08017a04      0x7f4 ./src/linearAlgebra.o
                0x08017a04                vectorDotProduct
                0x08017a60                vectorCrossProduct
                0x08017b14                vectorScale
                0x08017b6c                vectorAdd
                0x08017bd0                vectorSubtract
                0x08017c34                matrixMultiply
                0x08017d54                matrixAdd
                0x08017dbc                matrixSubtract
                0x08017e24                matrixScale
                0x08017e80                matrixTranspose3x3
                0x08017ef4                matrixInverse3x3
 .text          0x080181f8      0x468 ./src/lowPassFilter.o
                0x080181f8                computeFourthOrder100Hz
                0x08018300                setupFourthOrder100Hz
                0x0801842c                computeFourthOrder500Hz
                0x08018534                setupFourthOrder500Hz
 .text          0x08018660      0xd4c ./src/main.o
                0x08018660                main
 *fill*         0x080193ac        0x4 00
 .text          0x080193b0     0x2f88 ./src/mixer.o
                0x080193b0                initMixer
                0x080194ac                writeServos
                0x08019510                writeMotors
                0x0801956c                writeAllMotors
                0x080195b8                pulseMotors
                0x08019614                mixTable
 .text          0x0801c338      0x3cc ./src/pid.o
                0x0801c338                initPID
                0x0801c3f8                updatePID
                0x0801c5f0                setPIDintegralError
                0x0801c620                zeroPIDintegralError
                0x0801c658                setPIDstates
                0x0801c6cc                zeroPIDstates
 .text          0x0801c704     0x15f4 ./src/rfTelem.o
                0x0801c704                readStringRF
                0x0801c7a8                readFloatRF
                0x0801c878                readRFPID
                0x0801c908                rfCom
 .text          0x0801dcf8       0x74 ./src/stm32f4xx_it.o
                0x0801dcf8                NMI_Handler
                0x0801dcfc                HardFault_Handler
                0x0801dd00                MemManage_Handler
                0x0801dd04                BusFault_Handler
                0x0801dd08                UsageFault_Handler
                0x0801dd0c                SVC_Handler
                0x0801dd10                DebugMon_Handler
                0x0801dd14                PendSV_Handler
                0x0801dd18                OTG_FS_WKUP_IRQHandler
                0x0801dd5c                OTG_FS_IRQHandler
 .text          0x0801dd6c      0x38c ./src/system_stm32f4xx.o
                0x0801dd6c                SystemInit
                0x0801de18                SystemCoreClockUpdate
 .text          0x0801e0f8     0x1338 ./src/utilities.o
                0x0801e0f8                constrain
                0x0801e19c                itoa
                0x0801e208                ftoa
                0x0801e3a4                _sbrk
                0x0801e424                sphereFit
                0x0801f0e4                standardRadianFormat
                0x0801f158                stringToFloat
 .text          0x0801f430      0x13c ./src/vertCompFilter.o
                0x0801f430                vertCompFilter
 .text          0x0801f56c     0x182c ./Libraries/STM32_USB_OTG_Driver/src/usb_core.o
                0x0801f64c                USB_OTG_WritePacket
                0x0801f6d4                USB_OTG_ReadPacket
                0x0801f738                USB_OTG_SelectCore
                0x0801f8ec                USB_OTG_CoreInit
                0x0801fae4                USB_OTG_EnableGlobalInt
                0x0801fb18                USB_OTG_DisableGlobalInt
                0x0801fb50                USB_OTG_FlushTxFifo
                0x0801fbcc                USB_OTG_FlushRxFifo
                0x0801fc34                USB_OTG_SetCurrentMode
                0x0801fc9c                USB_OTG_GetMode
                0x0801fcb0                USB_OTG_IsDeviceMode
                0x0801fcd0                USB_OTG_IsHostMode
                0x0801fcf0                USB_OTG_ReadCoreItr
                0x0801fd18                USB_OTG_ReadOtgItr
                0x0801fd28                USB_OTG_InitDevSpeed
                0x0801fd58                USB_OTG_CoreInitDev
                0x08020040                USB_OTG_EnableDevInt
                0x080200e0                USB_OTG_GetDeviceSpeed
                0x08020130                USB_OTG_EP0Activate
                0x080201a8                USB_OTG_EPActivate
                0x0802029c                USB_OTG_EPDeactivate
                0x08020338                USB_OTG_EPStartXfer
                0x08020608                USB_OTG_EP0StartXfer
                0x08020828                USB_OTG_EPSetStall
                0x080208b8                USB_OTG_EPClearStall
                0x08020934                USB_OTG_ReadDevAllOutEp_itr
                0x08020958                USB_OTG_ReadDevOutEP_itr
                0x0802098c                USB_OTG_ReadDevAllInEPItr
                0x080209b4                USB_OTG_EP0_OutStart
                0x08020a30                USB_OTG_ActiveRemoteWakeup
                0x08020ac0                USB_OTG_UngateClock
                0x08020b0c                USB_OTG_StopDevice
                0x08020ba0                USB_OTG_GetEPStatus
                0x08020c5c                USB_OTG_SetEPStatus
 .text          0x08020d98      0x620 ./Libraries/STM32_USB_OTG_Driver/src/usb_dcd.o
                0x08020d98                DCD_Init
                0x08020ec4                DCD_EP_Open
                0x08020f80                DCD_EP_Close
                0x08021004                DCD_EP_PrepareRx
                0x08021094                DCD_EP_Tx
                0x08021118                DCD_EP_Stall
                0x080211a0                DCD_EP_ClrStall
                0x08021228                DCD_EP_Flush
                0x08021260                DCD_EP_SetAddress
                0x08021298                DCD_DevConnect
                0x080212c4                DCD_DevDisconnect
                0x080212f0                DCD_GetEPStatus
                0x08021358                DCD_SetEPStatus
 .text          0x080213b8      0xbb8 ./Libraries/STM32_USB_OTG_Driver/src/usb_dcd_int.o
                0x080213b8                USBD_OTG_ISR_Handler
 .text          0x08021f70      0x408 ./Libraries/STM32_USB_Device_Library/Core/src/usbd_core.o
                0x08021f70                USBD_Init
                0x08021fc4                USBD_DeInit
                0x080222e4                USBD_SetCfg
                0x08022318                USBD_ClrCfg
 .text          0x08022378      0x1a4 ./Libraries/STM32_USB_Device_Library/Core/src/usbd_ioreq.o
                0x08022378                USBD_CtlSendData
                0x080223c8                USBD_CtlContinueSendData
                0x080223f8                USBD_CtlPrepareRx
                0x08022448                USBD_CtlContinueRx
                0x08022478                USBD_CtlSendStatus
                0x080224b4                USBD_CtlReceiveStatus
                0x080224f0                USBD_GetRxCount
 .text          0x0802251c      0xa3c ./Libraries/STM32_USB_Device_Library/Core/src/usbd_req.o
                0x0802251c                USBD_StdDevReq
                0x080225c0                USBD_StdItfReq
                0x0802262c                USBD_StdEPReq
                0x08022da4                USBD_ParseSetupRequest
                0x08022e2c                USBD_CtlError
                0x08022e74                USBD_GetString
 .text          0x08022f58      0x68c ./Libraries/STM32_USB_Device_Library/Class/cdc/src/usbd_cdc_core.o
 .text          0x080235e4      0x1d0 ./Libraries/STM32F4xx_StdPeriph_Driver/src/misc.o
                0x080235e4                NVIC_PriorityGroupConfig
                0x08023600                NVIC_Init
                0x080236fc                NVIC_SetVectorTable
                0x08023720                NVIC_SystemLPConfig
                0x08023774                SysTick_CLKSourceConfig
 .text          0x080237b4      0x788 ./Libraries/STM32F4xx_StdPeriph_Driver/src/stm32f4xx_dma.o
                0x080237b4                DMA_DeInit
                0x080239f0                DMA_Init
                0x08023a98                DMA_StructInit
                0x08023b18                DMA_Cmd
                0x08023b48                DMA_PeriphIncOffsetSizeConfig
                0x08023b74                DMA_FlowControllerConfig
                0x08023ba0                DMA_SetCurrDataCounter
                0x08023bb8                DMA_GetCurrDataCounter
                0x08023bc8                DMA_DoubleBufferModeConfig
                0x08023bfc                DMA_DoubleBufferModeCmd
                0x08023c2c                DMA_MemoryTargetConfig
                0x08023c4c                DMA_GetCurrentMemoryTarget
                0x08023c78                DMA_GetCmdStatus
                0x08023cb0                DMA_GetFIFOStatus
                0x08023ccc                DMA_GetFlagStatus
                0x08023d50                DMA_ClearFlag
                0x08023dac                DMA_ITConfig
                0x08023e1c                DMA_GetITStatus
                0x08023ee0                DMA_ClearITPendingBit
 .text          0x08023f3c      0x280 ./Libraries/STM32F4xx_StdPeriph_Driver/src/stm32f4xx_exti.o
                0x08023f3c                EXTI_DeInit
                0x08023f88                EXTI_Init
                0x080240b8                EXTI_StructInit
                0x080240e0                EXTI_GenerateSWInterrupt
                0x08024100                EXTI_GetFlagStatus
                0x0802413c                EXTI_ClearFlag
                0x08024150                EXTI_GetITStatus
                0x080241a8                EXTI_ClearITPendingBit
 .text          0x080241bc      0x9e4 ./Libraries/STM32F4xx_StdPeriph_Driver/src/stm32f4xx_flash.o
                0x080241bc                FLASH_SetLatency
                0x080241d4                FLASH_PrefetchBufferCmd
                0x0802421c                FLASH_InstructionCacheCmd
                0x08024264                FLASH_DataCacheCmd
                0x080242ac                FLASH_InstructionCacheReset
                0x080242c8                FLASH_DataCacheReset
                0x080242e4                FLASH_Unlock
                0x08024318                FLASH_Lock
                0x08024334                FLASH_EraseSector
                0x08024458                FLASH_EraseAllSectors
                0x08024544                FLASH_ProgramDoubleWord
                0x080245e8                FLASH_ProgramWord
                0x08024684                FLASH_ProgramHalfWord
                0x08024728                FLASH_ProgramByte
                0x080247c8                FLASH_OB_Unlock
                0x08024804                FLASH_OB_Lock
                0x08024820                FLASH_OB_WRPConfig
                0x08024898                FLASH_OB_RDPConfig
                0x080248d0                FLASH_OB_UserConfig
                0x08024948                FLASH_OB_BORConfig
                0x08024990                FLASH_OB_Launch
                0x080249cc                FLASH_OB_GetUser
                0x080249e0                FLASH_OB_GetWRP
                0x080249f0                FLASH_OB_GetRDP
                0x08024a28                FLASH_OB_GetBOR
                0x08024a40                FLASH_ITConfig
                0x08024a8c                FLASH_GetFlagStatus
                0x08024ac8                FLASH_ClearFlag
                0x08024adc                FLASH_GetStatus
                0x08024b68                FLASH_WaitForLastOperation
 .text          0x08024ba0      0x4f8 ./Libraries/STM32F4xx_StdPeriph_Driver/src/stm32f4xx_gpio.o
                0x08024ba0                GPIO_DeInit
                0x08024d10                GPIO_Init
                0x08024e4c                GPIO_StructInit
                0x08024e7c                GPIO_PinLockConfig
                0x08024ebc                GPIO_ReadInputDataBit
                0x08024ef8                GPIO_ReadInputData
                0x08024f08                GPIO_ReadOutputDataBit
                0x08024f44                GPIO_ReadOutputData
                0x08024f54                GPIO_SetBits
                0x08024f6c                GPIO_ResetBits
                0x08024f84                GPIO_WriteBit
                0x08024fb4                GPIO_Write
                0x08024fcc                GPIO_ToggleBits
                0x08024fe8                GPIO_PinAFConfig
 .text          0x08025098      0x998 ./Libraries/STM32F4xx_StdPeriph_Driver/src/stm32f4xx_i2c.o
                0x08025098                I2C_DeInit
                0x08025118                I2C_Init
                0x08025308                I2C_StructInit
                0x08025340                I2C_Cmd
                0x08025378                I2C_GenerateSTART
                0x080253b0                I2C_GenerateSTOP
                0x080253e8                I2C_Send7bitAddress
                0x08025428                I2C_AcknowledgeConfig
                0x08025460                I2C_OwnAddress2Config
                0x080254ac                I2C_DualAddressCmd
                0x080254e4                I2C_GeneralCallCmd
                0x0802551c                I2C_SoftwareResetCmd
                0x0802555c                I2C_StretchClockCmd
                0x08025594                I2C_FastModeDutyCycleConfig
                0x080255d0                I2C_NACKPositionConfig
                0x0802560c                I2C_SMBusAlertConfig
                0x08025648                I2C_ARPCmd
                0x08025680                I2C_SendData
                0x08025698                I2C_ReceiveData
                0x080256ac                I2C_TransmitPEC
                0x080256e4                I2C_PECPositionConfig
                0x08025720                I2C_CalculatePEC
                0x08025758                I2C_GetPEC
                0x08025770                I2C_DMACmd
                0x080257a8                I2C_DMALastTransferCmd
                0x080257e0                I2C_ReadRegister
                0x0802580c                I2C_ITConfig
                0x08025854                I2C_CheckEvent
                0x080258c0                I2C_GetLastEvent
                0x08025904                I2C_GetFlagStatus
                0x0802597c                I2C_ClearFlag
                0x080259a4                I2C_GetITStatus
                0x08025a08                I2C_ClearITPendingBit
 .text          0x08025a30      0xc68 ./Libraries/STM32F4xx_StdPeriph_Driver/src/stm32f4xx_rcc.o
                0x08025a30                RCC_DeInit
                0x08025aac                RCC_HSEConfig
                0x08025ad4                RCC_WaitForHSEStartUp
                0x08025b40                RCC_AdjustHSICalibrationValue
                0x08025b80                RCC_HSICmd
                0x08025b9c                RCC_LSEConfig
                0x08025bf4                RCC_LSICmd
                0x08025c10                RCC_PLLConfig
                0x08025c50                RCC_PLLCmd
                0x08025c6c                RCC_PLLI2SConfig
                0x08025c90                RCC_PLLI2SCmd
                0x08025cac                RCC_ClockSecuritySystemCmd
                0x08025cc8                RCC_MCO1Config
                0x08025d04                RCC_MCO2Config
                0x08025d40                RCC_SYSCLKConfig
                0x08025d78                RCC_GetSYSCLKSource
                0x08025d90                RCC_HCLKConfig
                0x08025dc8                RCC_PCLK1Config
                0x08025e00                RCC_PCLK2Config
                0x08025e3c                RCC_GetClocksFreq
                0x08026000                RCC_RTCCLKConfig
                0x0802606c                RCC_RTCCLKCmd
                0x08026088                RCC_BackupResetCmd
                0x080260a4                RCC_I2SCLKConfig
                0x080260b8                RCC_AHB1PeriphClockCmd
                0x08026104                RCC_AHB2PeriphClockCmd
                0x08026150                RCC_AHB3PeriphClockCmd
                0x0802619c                RCC_APB1PeriphClockCmd
                0x080261e8                RCC_APB2PeriphClockCmd
                0x08026234                RCC_AHB1PeriphResetCmd
                0x08026280                RCC_AHB2PeriphResetCmd
                0x080262cc                RCC_AHB3PeriphResetCmd
                0x08026318                RCC_APB1PeriphResetCmd
                0x08026364                RCC_APB2PeriphResetCmd
                0x080263b0                RCC_AHB1PeriphClockLPModeCmd
                0x080263fc                RCC_AHB2PeriphClockLPModeCmd
                0x08026448                RCC_AHB3PeriphClockLPModeCmd
                0x08026494                RCC_APB1PeriphClockLPModeCmd
                0x080264e0                RCC_APB2PeriphClockLPModeCmd
                0x0802652c                RCC_ITConfig
                0x0802658c                RCC_GetFlagStatus
                0x08026620                RCC_ClearFlag
                0x0802663c                RCC_GetITStatus
                0x0802667c                RCC_ClearITPendingBit
 .text          0x08026698      0x8b8 ./Libraries/STM32F4xx_StdPeriph_Driver/src/stm32f4xx_spi.o
                0x08026698                SPI_I2S_DeInit
                0x08026718                SPI_Init
                0x080267a4                I2S_Init
                0x080269dc                SPI_StructInit
                0x08026a2c                I2S_StructInit
                0x08026a64                SPI_Cmd
                0x08026a9c                I2S_Cmd
                0x08026ad4                SPI_DataSizeConfig
                0x08026b04                SPI_BiDirectionalLineConfig
                0x08026b40                SPI_NSSInternalSoftwareConfig
                0x08026b7c                SPI_SSOutputCmd
                0x08026bb4                SPI_TIModeCmd
                0x08026bec                I2S_FullDuplexConfig
                0x08026c98                SPI_I2S_ReceiveData
                0x08026ca8                SPI_I2S_SendData
                0x08026cc0                SPI_CalculateCRC
                0x08026cf8                SPI_TransmitCRC
                0x08026d10                SPI_GetCRC
                0x08026d48                SPI_GetCRCPolynomial
                0x08026d58                SPI_I2S_DMACmd
                0x08026da0                SPI_I2S_ITConfig
                0x08026e18                SPI_I2S_GetFlagStatus
                0x08026e58                SPI_I2S_ClearFlag
                0x08026e74                SPI_I2S_GetITStatus
                0x08026f18                SPI_I2S_ClearITPendingBit
 .text          0x08026f50     0x1ee4 ./Libraries/STM32F4xx_StdPeriph_Driver/src/stm32f4xx_tim.o
                0x08026f50                TIM_DeInit
                0x08027184                TIM_TimeBaseInit
                0x08027284                TIM_TimeBaseStructInit
                0x080272b4                TIM_PrescalerConfig
                0x080272d8                TIM_CounterModeConfig
                0x08027318                TIM_SetCounter
                0x08027328                TIM_SetAutoreload
                0x08027338                TIM_GetCounter
                0x08027348                TIM_GetPrescaler
                0x08027358                TIM_UpdateDisableConfig
                0x08027390                TIM_UpdateRequestConfig
                0x080273c8                TIM_ARRPreloadConfig
                0x08027400                TIM_SelectOnePulseMode
                0x08027430                TIM_SetClockDivision
                0x08027460                TIM_Cmd
                0x08027498                TIM_OC1Init
                0x080275d4                TIM_OC2Init
                0x0802773c                TIM_OC3Init
                0x0802789c                TIM_OC4Init
                0x080279a4                TIM_OCStructInit
                0x080279ec                TIM_SelectOCxM
                0x08027ab8                TIM_SetCompare1
                0x08027ac8                TIM_SetCompare2
                0x08027ad8                TIM_SetCompare3
                0x08027ae8                TIM_SetCompare4
                0x08027af8                TIM_ForcedOC1Config
                0x08027b38                TIM_ForcedOC2Config
                0x08027b80                TIM_ForcedOC3Config
                0x08027bc0                TIM_ForcedOC4Config
                0x08027c08                TIM_OC1PreloadConfig
                0x08027c48                TIM_OC2PreloadConfig
                0x08027c90                TIM_OC3PreloadConfig
                0x08027cd0                TIM_OC4PreloadConfig
                0x08027d18                TIM_OC1FastConfig
                0x08027d58                TIM_OC2FastConfig
                0x08027da0                TIM_OC3FastConfig
                0x08027de0                TIM_OC4FastConfig
                0x08027e28                TIM_ClearOC1Ref
                0x08027e68                TIM_ClearOC2Ref
                0x08027eb4                TIM_ClearOC3Ref
                0x08027ef4                TIM_ClearOC4Ref
                0x08027f40                TIM_OC1PolarityConfig
                0x08027f80                TIM_OC1NPolarityConfig
                0x08027fc0                TIM_OC2PolarityConfig
                0x08028008                TIM_OC2NPolarityConfig
                0x08028050                TIM_OC3PolarityConfig
                0x08028098                TIM_OC3NPolarityConfig
                0x080280e0                TIM_OC4PolarityConfig
                0x08028128                TIM_CCxCmd
                0x08028188                TIM_CCxNCmd
                0x080281e8                TIM_ICInit
                0x0802828c                TIM_ICStructInit
                0x080282bc                TIM_PWMIConfig
                0x08028390                TIM_GetCapture1
                0x080283a0                TIM_GetCapture2
                0x080283b0                TIM_GetCapture3
                0x080283c0                TIM_GetCapture4
                0x080283d0                TIM_SetIC1Prescaler
                0x08028400                TIM_SetIC2Prescaler
                0x08028438                TIM_SetIC3Prescaler
                0x08028468                TIM_SetIC4Prescaler
                0x080284a0                TIM_BDTRConfig
                0x080284e4                TIM_BDTRStructInit
                0x08028524                TIM_CtrlPWMOutputs
                0x0802856c                TIM_SelectCOM
                0x080285a4                TIM_CCPreloadControl
                0x080285dc                TIM_ITConfig
                0x08028624                TIM_GenerateEvent
                0x0802863c                TIM_GetFlagStatus
                0x0802867c                TIM_ClearFlag
                0x08028698                TIM_GetITStatus
                0x08028708                TIM_ClearITPendingBit
                0x08028724                TIM_DMAConfig
                0x0802874c                TIM_DMACmd
                0x08028794                TIM_SelectCCDMA
                0x080287cc                TIM_InternalClockConfig
                0x080287e4                TIM_ITRxExternalClockConfig
                0x08028810                TIM_TIxExternalClockConfig
                0x08028874                TIM_ETRClockMode1Config
                0x080288e4                TIM_ETRClockMode2Config
                0x0802891c                TIM_SelectInputTrigger
                0x0802895c                TIM_SelectOutputTrigger
                0x0802898c                TIM_SelectSlaveMode
                0x080289bc                TIM_SelectMasterSlaveMode
                0x080289ec                TIM_ETRConfig
                0x08028a48                TIM_EncoderInterfaceConfig
                0x08028b08                TIM_SelectHallSensor
                0x08028b40                TIM_RemapConfig
 .text          0x08028e34      0x924 ./Libraries/STM32F4xx_StdPeriph_Driver/src/stm32f4xx_usart.o
                0x08028e34                USART_DeInit
                0x08028f2c                USART_Init
                0x080290d0                USART_StructInit
                0x08029108                USART_ClockInit
                0x08029154                USART_ClockStructInit
                0x0802917c                USART_Cmd
                0x080291b4                USART_SetPrescaler
                0x080291e8                USART_OverSampling8Cmd
                0x08029228                USART_OneBitMethodCmd
                0x08029260                USART_SendData
                0x08029280                USART_ReceiveData
                0x0802929c                USART_SetAddress
                0x080292d0                USART_ReceiverWakeUpCmd
                0x08029308                USART_WakeUpConfig
                0x08029338                USART_LINBreakDetectLengthConfig
                0x08029368                USART_LINCmd
                0x080293a0                USART_SendBreak
                0x080293b8                USART_HalfDuplexCmd
                0x080293f0                USART_SetGuardTime
                0x08029428                USART_SmartCardCmd
                0x08029460                USART_SmartCardNACKCmd
                0x08029498                USART_IrDAConfig
                0x080294c8                USART_IrDACmd
                0x08029500                USART_DMACmd
                0x08029548                USART_ITConfig
                0x080295ec                USART_GetFlagStatus
                0x0802962c                USART_ClearFlag
                0x08029648                USART_GetITStatus
                0x08029710                USART_ClearITPendingBit
 .text          0x08029758       0x6c c:/program files (x86)/codesourcery/sourcery_codebench_lite_for_arm_eabi/bin/../lib/gcc/arm-none-eabi/4.6.3/../../../../arm-none-eabi/lib/thumb2\libm.a(lib_a-sf_cos.o)
                0x08029758                cosf
 .text          0x080297c4       0x78 c:/program files (x86)/codesourcery/sourcery_codebench_lite_for_arm_eabi/bin/../lib/gcc/arm-none-eabi/4.6.3/../../../../arm-none-eabi/lib/thumb2\libm.a(lib_a-sf_sin.o)
                0x080297c4                sinf
 .text          0x0802983c        0x4 c:/program files (x86)/codesourcery/sourcery_codebench_lite_for_arm_eabi/bin/../lib/gcc/arm-none-eabi/4.6.3/../../../../arm-none-eabi/lib/thumb2\libm.a(lib_a-w_atan2.o)
                0x0802983c                atan2
 .text          0x08029840      0x334 c:/program files (x86)/codesourcery/sourcery_codebench_lite_for_arm_eabi/bin/../lib/gcc/arm-none-eabi/4.6.3/../../../../arm-none-eabi/lib/thumb2\libm.a(lib_a-w_pow.o)
                0x08029840                pow
 .text          0x08029b74       0xac c:/program files (x86)/codesourcery/sourcery_codebench_lite_for_arm_eabi/bin/../lib/gcc/arm-none-eabi/4.6.3/../../../../arm-none-eabi/lib/thumb2\libm.a(lib_a-w_sqrt.o)
                0x08029b74                sqrt
 .text          0x08029c20       0xa4 c:/program files (x86)/codesourcery/sourcery_codebench_lite_for_arm_eabi/bin/../lib/gcc/arm-none-eabi/4.6.3/../../../../arm-none-eabi/lib/thumb2\libm.a(lib_a-wf_asin.o)
                0x08029c20                asinf
 .text          0x08029cc4        0x4 c:/program files (x86)/codesourcery/sourcery_codebench_lite_for_arm_eabi/bin/../lib/gcc/arm-none-eabi/4.6.3/../../../../arm-none-eabi/lib/thumb2\libm.a(lib_a-wf_atan2.o)
                0x08029cc4                atan2f
 .text          0x08029cc8      0x228 c:/program files (x86)/codesourcery/sourcery_codebench_lite_for_arm_eabi/bin/../lib/gcc/arm-none-eabi/4.6.3/../../../../arm-none-eabi/lib/thumb2\libm.a(lib_a-e_atan2.o)
                0x08029cc8                __ieee754_atan2
 .text          0x08029ef0      0xb58 c:/program files (x86)/codesourcery/sourcery_codebench_lite_for_arm_eabi/bin/../lib/gcc/arm-none-eabi/4.6.3/../../../../arm-none-eabi/lib/thumb2\libm.a(lib_a-e_pow.o)
                0x08029ef0                __ieee754_pow
 .text          0x0802aa48      0x1b8 c:/program files (x86)/codesourcery/sourcery_codebench_lite_for_arm_eabi/bin/../lib/gcc/arm-none-eabi/4.6.3/../../../../arm-none-eabi/lib/thumb2\libm.a(lib_a-e_sqrt.o)
                0x0802aa48                __ieee754_sqrt
 .text          0x0802ac00      0x318 c:/program files (x86)/codesourcery/sourcery_codebench_lite_for_arm_eabi/bin/../lib/gcc/arm-none-eabi/4.6.3/../../../../arm-none-eabi/lib/thumb2\libm.a(lib_a-ef_asin.o)
                0x0802ac00                __ieee754_asinf
 .text          0x0802af18      0x158 c:/program files (x86)/codesourcery/sourcery_codebench_lite_for_arm_eabi/bin/../lib/gcc/arm-none-eabi/4.6.3/../../../../arm-none-eabi/lib/thumb2\libm.a(lib_a-ef_atan2.o)
                0x0802af18                __ieee754_atan2f
 .text          0x0802b070      0x358 c:/program files (x86)/codesourcery/sourcery_codebench_lite_for_arm_eabi/bin/../lib/gcc/arm-none-eabi/4.6.3/../../../../arm-none-eabi/lib/thumb2\libm.a(lib_a-ef_rem_pio2.o)
                0x0802b070                __ieee754_rem_pio2f
 .text          0x0802b3c8       0xb0 c:/program files (x86)/codesourcery/sourcery_codebench_lite_for_arm_eabi/bin/../lib/gcc/arm-none-eabi/4.6.3/../../../../arm-none-eabi/lib/thumb2\libm.a(lib_a-ef_sqrt.o)
                0x0802b3c8                __ieee754_sqrtf
 .text          0x0802b478      0x1b8 c:/program files (x86)/codesourcery/sourcery_codebench_lite_for_arm_eabi/bin/../lib/gcc/arm-none-eabi/4.6.3/../../../../arm-none-eabi/lib/thumb2\libm.a(lib_a-kf_cos.o)
                0x0802b478                __kernel_cosf
 .text          0x0802b630      0x62c c:/program files (x86)/codesourcery/sourcery_codebench_lite_for_arm_eabi/bin/../lib/gcc/arm-none-eabi/4.6.3/../../../../arm-none-eabi/lib/thumb2\libm.a(lib_a-kf_rem_pio2.o)
                0x0802b630                __kernel_rem_pio2f
 .text          0x0802bc5c      0x100 c:/program files (x86)/codesourcery/sourcery_codebench_lite_for_arm_eabi/bin/../lib/gcc/arm-none-eabi/4.6.3/../../../../arm-none-eabi/lib/thumb2\libm.a(lib_a-kf_sin.o)
                0x0802bc5c                __kernel_sinf
 *fill*         0x0802bd5c        0x4 00
 .text          0x0802bd60      0x350 c:/program files (x86)/codesourcery/sourcery_codebench_lite_for_arm_eabi/bin/../lib/gcc/arm-none-eabi/4.6.3/../../../../arm-none-eabi/lib/thumb2\libm.a(lib_a-s_atan.o)
                0x0802bd60                atan
 .text          0x0802c0b0        0x8 c:/program files (x86)/codesourcery/sourcery_codebench_lite_for_arm_eabi/bin/../lib/gcc/arm-none-eabi/4.6.3/../../../../arm-none-eabi/lib/thumb2\libm.a(lib_a-s_fabs.o)
                0x0802c0b0                fabs
 .text          0x0802c0b8       0x10 c:/program files (x86)/codesourcery/sourcery_codebench_lite_for_arm_eabi/bin/../lib/gcc/arm-none-eabi/4.6.3/../../../../arm-none-eabi/lib/thumb2\libm.a(lib_a-s_finite.o)
                0x0802c0b8                finite
 .text          0x0802c0c8       0x94 c:/program files (x86)/codesourcery/sourcery_codebench_lite_for_arm_eabi/bin/../lib/gcc/arm-none-eabi/4.6.3/../../../../arm-none-eabi/lib/thumb2\libm.a(lib_a-s_fpclassify.o)
                0x0802c0c8                __fpclassifyd
 .text          0x0802c15c        0x4 c:/program files (x86)/codesourcery/sourcery_codebench_lite_for_arm_eabi/bin/../lib/gcc/arm-none-eabi/4.6.3/../../../../arm-none-eabi/lib/thumb2\libm.a(lib_a-s_matherr.o)
                0x0802c15c                matherr
 .text          0x0802c160        0xc c:/program files (x86)/codesourcery/sourcery_codebench_lite_for_arm_eabi/bin/../lib/gcc/arm-none-eabi/4.6.3/../../../../arm-none-eabi/lib/thumb2\libm.a(lib_a-s_nan.o)
                0x0802c160                nan
 .text          0x0802c16c      0x130 c:/program files (x86)/codesourcery/sourcery_codebench_lite_for_arm_eabi/bin/../lib/gcc/arm-none-eabi/4.6.3/../../../../arm-none-eabi/lib/thumb2\libm.a(lib_a-s_rint.o)
                0x0802c16c                rint
 *fill*         0x0802c29c        0x4 00
 .text          0x0802c2a0      0x118 c:/program files (x86)/codesourcery/sourcery_codebench_lite_for_arm_eabi/bin/../lib/gcc/arm-none-eabi/4.6.3/../../../../arm-none-eabi/lib/thumb2\libm.a(lib_a-s_scalbn.o)
                0x0802c2a0                scalbn
 .text          0x0802c3b8      0x23c c:/program files (x86)/codesourcery/sourcery_codebench_lite_for_arm_eabi/bin/../lib/gcc/arm-none-eabi/4.6.3/../../../../arm-none-eabi/lib/thumb2\libm.a(lib_a-sf_atan.o)
                0x0802c3b8                atanf
 .text          0x0802c5f4        0x8 c:/program files (x86)/codesourcery/sourcery_codebench_lite_for_arm_eabi/bin/../lib/gcc/arm-none-eabi/4.6.3/../../../../arm-none-eabi/lib/thumb2\libm.a(lib_a-sf_fabs.o)
                0x0802c5f4                fabsf
 .text          0x0802c5fc       0x98 c:/program files (x86)/codesourcery/sourcery_codebench_lite_for_arm_eabi/bin/../lib/gcc/arm-none-eabi/4.6.3/../../../../arm-none-eabi/lib/thumb2\libm.a(lib_a-sf_floor.o)
                0x0802c5fc                floorf
 .text          0x0802c694       0x7c c:/program files (x86)/codesourcery/sourcery_codebench_lite_for_arm_eabi/bin/../lib/gcc/arm-none-eabi/4.6.3/../../../../arm-none-eabi/lib/thumb2\libm.a(lib_a-sf_fpclassify.o)
                0x0802c694                __fpclassifyf
 .text          0x0802c710       0xc4 c:/program files (x86)/codesourcery/sourcery_codebench_lite_for_arm_eabi/bin/../lib/gcc/arm-none-eabi/4.6.3/../../../../arm-none-eabi/lib/thumb2\libm.a(lib_a-sf_scalbn.o)
                0x0802c710                scalbnf
 .text          0x0802c7d4       0x14 c:/program files (x86)/codesourcery/sourcery_codebench_lite_for_arm_eabi/bin/../lib/gcc/arm-none-eabi/4.6.3/../../../../arm-none-eabi/lib/thumb2\libm.a(lib_a-s_copysign.o)
                0x0802c7d4                copysign
 .text          0x0802c7e8        0xc c:/program files (x86)/codesourcery/sourcery_codebench_lite_for_arm_eabi/bin/../lib/gcc/arm-none-eabi/4.6.3/../../../../arm-none-eabi/lib/thumb2\libm.a(lib_a-sf_copysign.o)
                0x0802c7e8                copysignf
 .text          0x0802c7f4      0x370 c:/program files (x86)/codesourcery/sourcery_codebench_lite_for_arm_eabi/bin/../lib/gcc/arm-none-eabi/4.6.3/thumb2\libgcc.a(_arm_addsubdf3.o)
                0x0802c7f4                __aeabi_drsub
                0x0802c7fc                __aeabi_dsub
                0x0802c7fc                __subdf3
                0x0802c800                __aeabi_dadd
                0x0802c800                __adddf3
                0x0802ca78                __floatunsidf
                0x0802ca78                __aeabi_ui2d
                0x0802ca98                __floatsidf
                0x0802ca98                __aeabi_i2d
                0x0802cabc                __aeabi_f2d
                0x0802cabc                __extendsfdf2
                0x0802caf8                __floatundidf
                0x0802caf8                __aeabi_ul2d
                0x0802cb08                __floatdidf
                0x0802cb08                __aeabi_l2d
 .text          0x0802cb64      0x424 c:/program files (x86)/codesourcery/sourcery_codebench_lite_for_arm_eabi/bin/../lib/gcc/arm-none-eabi/4.6.3/thumb2\libgcc.a(_arm_muldivdf3.o)
                0x0802cb64                __aeabi_dmul
                0x0802cb64                __muldf3
                0x0802cdb8                __divdf3
                0x0802cdb8                __aeabi_ddiv
 .text          0x0802cf88      0x110 c:/program files (x86)/codesourcery/sourcery_codebench_lite_for_arm_eabi/bin/../lib/gcc/arm-none-eabi/4.6.3/thumb2\libgcc.a(_arm_cmpdf2.o)
                0x0802cf88                __gtdf2
                0x0802cf88                __gedf2
                0x0802cf90                __ltdf2
                0x0802cf90                __ledf2
                0x0802cf98                __nedf2
                0x0802cf98                __eqdf2
                0x0802cf98                __cmpdf2
                0x0802d014                __aeabi_cdrcmple
                0x0802d024                __aeabi_cdcmpeq
                0x0802d024                __aeabi_cdcmple
                0x0802d034                __aeabi_dcmpeq
                0x0802d048                __aeabi_dcmplt
                0x0802d05c                __aeabi_dcmple
                0x0802d070                __aeabi_dcmpge
                0x0802d084                __aeabi_dcmpgt
 .text          0x0802d098       0xa0 c:/program files (x86)/codesourcery/sourcery_codebench_lite_for_arm_eabi/bin/../lib/gcc/arm-none-eabi/4.6.3/thumb2\libgcc.a(_arm_truncdfsf2.o)
                0x0802d098                __truncdfsf2
                0x0802d098                __aeabi_d2f
 .text          0x0802d138      0x21c c:/program files (x86)/codesourcery/sourcery_codebench_lite_for_arm_eabi/bin/../lib/gcc/arm-none-eabi/4.6.3/thumb2\libgcc.a(_arm_addsubsf3.o)
                0x0802d138                __aeabi_frsub
                0x0802d140                __subsf3
                0x0802d140                __aeabi_fsub
                0x0802d144                __aeabi_fadd
                0x0802d144                __addsf3
                0x0802d2a4                __aeabi_ui2f
                0x0802d2a4                __floatunsisf
                0x0802d2ac                __aeabi_i2f
                0x0802d2ac                __floatsisf
                0x0802d2c8                __aeabi_ul2f
                0x0802d2c8                __floatundisf
                0x0802d2d8                __aeabi_l2f
                0x0802d2d8                __floatdisf
 .text          0x0802d354      0x2a0 c:/program files (x86)/codesourcery/sourcery_codebench_lite_for_arm_eabi/bin/../lib/gcc/arm-none-eabi/4.6.3/thumb2\libgcc.a(_arm_muldivsf3.o)
                0x0802d354                __mulsf3
                0x0802d354                __aeabi_fmul
                0x0802d4bc                __aeabi_fdiv
                0x0802d4bc                __divsf3
 .text          0x0802d5f4       0xec c:/program files (x86)/codesourcery/sourcery_codebench_lite_for_arm_eabi/bin/../lib/gcc/arm-none-eabi/4.6.3/thumb2\libgcc.a(_arm_cmpsf2.o)
                0x0802d5f4                __gesf2
                0x0802d5f4                __gtsf2
                0x0802d5fc                __lesf2
                0x0802d5fc                __ltsf2
                0x0802d604                __nesf2
                0x0802d604                __eqsf2
                0x0802d604                __cmpsf2
                0x0802d664                __aeabi_cfrcmple
                0x0802d66c                __aeabi_cfcmpeq
                0x0802d66c                __aeabi_cfcmple
                0x0802d67c                __aeabi_fcmpeq
                0x0802d690                __aeabi_fcmplt
                0x0802d6a4                __aeabi_fcmple
                0x0802d6b8                __aeabi_fcmpge
                0x0802d6cc                __aeabi_fcmpgt
 .text          0x0802d6e0       0x4c c:/program files (x86)/codesourcery/sourcery_codebench_lite_for_arm_eabi/bin/../lib/gcc/arm-none-eabi/4.6.3/thumb2\libgcc.a(_arm_fixsfsi.o)
                0x0802d6e0                __aeabi_f2iz
                0x0802d6e0                __fixsfsi
 .text          0x0802d72c        0xc c:/program files (x86)/codesourcery/sourcery_codebench_lite_for_arm_eabi/bin/../lib/gcc/arm-none-eabi/4.6.3/../../../../arm-none-eabi/lib/thumb2\libc.a(lib_a-errno.o)
                0x0802d72c                __errno
 .text          0x0802d738       0x50 c:/program files (x86)/codesourcery/sourcery_codebench_lite_for_arm_eabi/bin/../lib/gcc/arm-none-eabi/4.6.3/../../../../arm-none-eabi/lib/thumb2\libc.a(lib_a-init.o)
                0x0802d738                __libc_init_array
 .text          0x0802d788       0xf0 c:/program files (x86)/codesourcery/sourcery_codebench_lite_for_arm_eabi/bin/../lib/gcc/arm-none-eabi/4.6.3/../../../../arm-none-eabi/lib/thumb2\libc.a(lib_a-memcpy.o)
                0x0802d788                memcpy
 .text          0x0802d878       0xcc c:/program files (x86)/codesourcery/sourcery_codebench_lite_for_arm_eabi/bin/../lib/gcc/arm-none-eabi/4.6.3/../../../../arm-none-eabi/lib/thumb2\libc.a(lib_a-snprintf.o)
                0x0802d878                _snprintf_r
                0x0802d8d8                snprintf
 .text          0x0802d944       0x48 c:/program files (x86)/codesourcery/sourcery_codebench_lite_for_arm_eabi/bin/../lib/gcc/arm-none-eabi/4.6.3/../../../../arm-none-eabi/lib/thumb2\libc.a(lib_a-strcat.o)
                0x0802d944                strcat
 .text          0x0802d98c       0xf0 c:/program files (x86)/codesourcery/sourcery_codebench_lite_for_arm_eabi/bin/../lib/gcc/arm-none-eabi/4.6.3/../../../../arm-none-eabi/lib/thumb2\libc.a(lib_a-strchr.o)
                0x0802d98c                strchr
 .text          0x0802da7c       0xbc c:/program files (x86)/codesourcery/sourcery_codebench_lite_for_arm_eabi/bin/../lib/gcc/arm-none-eabi/4.6.3/../../../../arm-none-eabi/lib/thumb2\libc.a(lib_a-strcpy.o)
                0x0802da7c                strcpy
 .text          0x0802db38       0x60 c:/program files (x86)/codesourcery/sourcery_codebench_lite_for_arm_eabi/bin/../lib/gcc/arm-none-eabi/4.6.3/../../../../arm-none-eabi/lib/thumb2\libc.a(lib_a-strlen.o)
                0x0802db38                strlen
 .text          0x0802db98       0x74 c:/program files (x86)/codesourcery/sourcery_codebench_lite_for_arm_eabi/bin/../lib/gcc/arm-none-eabi/4.6.3/../../../../arm-none-eabi/lib/thumb2\libc.a(lib_a-strncpy.o)
                0x0802db98                strncpy
 .text          0x0802dc0c     0x14e0 c:/program files (x86)/codesourcery/sourcery_codebench_lite_for_arm_eabi/bin/../lib/gcc/arm-none-eabi/4.6.3/../../../../arm-none-eabi/lib/thumb2\libc.a(lib_a-svfprintf.o)
                0x0802dc0c                _svfprintf_r
 *fill*         0x0802f0ec        0x4 00
 .text          0x0802f0f0     0x1030 c:/program files (x86)/codesourcery/sourcery_codebench_lite_for_arm_eabi/bin/../lib/gcc/arm-none-eabi/4.6.3/../../../../arm-none-eabi/lib/thumb2\libc.a(lib_a-dtoa.o)
                0x0802f238                _dtoa_r
 .text          0x08030120       0xa4 c:/program files (x86)/codesourcery/sourcery_codebench_lite_for_arm_eabi/bin/../lib/gcc/arm-none-eabi/4.6.3/../../../../arm-none-eabi/lib/thumb2\libc.a(lib_a-locale.o)
                0x08030120                _setlocale_r
                0x0803017c                __locale_charset
                0x08030188                __locale_mb_cur_max
                0x08030194                __locale_msgcharset
                0x0803019c                __locale_cjk_lang
                0x080301a0                _localeconv_r
                0x080301a8                setlocale
                0x080301bc                localeconv
 .text          0x080301c4       0x20 c:/program files (x86)/codesourcery/sourcery_codebench_lite_for_arm_eabi/bin/../lib/gcc/arm-none-eabi/4.6.3/../../../../arm-none-eabi/lib/thumb2\libc.a(lib_a-malloc.o)
                0x080301c4                malloc
                0x080301d4                free
 .text          0x080301e4      0x580 c:/program files (x86)/codesourcery/sourcery_codebench_lite_for_arm_eabi/bin/../lib/gcc/arm-none-eabi/4.6.3/../../../../arm-none-eabi/lib/thumb2\libc.a(lib_a-mallocr.o)
                0x080301e4                _malloc_r
 .text          0x08030764       0x88 c:/program files (x86)/codesourcery/sourcery_codebench_lite_for_arm_eabi/bin/../lib/gcc/arm-none-eabi/4.6.3/../../../../arm-none-eabi/lib/thumb2\libc.a(lib_a-memchr.o)
                0x08030764                memchr
 .text          0x080307ec        0x8 c:/program files (x86)/codesourcery/sourcery_codebench_lite_for_arm_eabi/bin/../lib/gcc/arm-none-eabi/4.6.3/../../../../arm-none-eabi/lib/thumb2\libc.a(lib_a-mlock.o)
                0x080307ec                __malloc_lock
                0x080307f0                __malloc_unlock
 .text          0x080307f4      0x910 c:/program files (x86)/codesourcery/sourcery_codebench_lite_for_arm_eabi/bin/../lib/gcc/arm-none-eabi/4.6.3/../../../../arm-none-eabi/lib/thumb2\libc.a(lib_a-mprec.o)
                0x080307f4                _Balloc
                0x08030860                _Bfree
                0x08030898                __multadd
                0x0803091c                __s2b
                0x080309b0                __hi0bits
                0x080309ec                __lo0bits
                0x08030a48                __i2b
                0x08030a5c                __multiply
                0x08030b98                __pow5mult
                0x08030c38                __lshift
                0x08030cf4                __mcmp
                0x08030d34                __mdiff
                0x08030e14                __ulp
                0x08030e58                __b2d
                0x08030f08                __d2b
                0x08030fd4                __ratio
                0x08031028                _mprec_log10
                0x0803105c                __copybits
                0x080310a4                __any_on
 .text          0x08031104       0x28 c:/program files (x86)/codesourcery/sourcery_codebench_lite_for_arm_eabi/bin/../lib/gcc/arm-none-eabi/4.6.3/../../../../arm-none-eabi/lib/thumb2\libc.a(lib_a-sbrkr.o)
                0x08031104                _sbrk_r
 .text          0x0803112c      0x1dc c:/program files (x86)/codesourcery/sourcery_codebench_lite_for_arm_eabi/bin/../lib/gcc/arm-none-eabi/4.6.3/../../../../arm-none-eabi/lib/thumb2\libc.a(lib_a-strcmp.o)
                0x0803112c                strcmp
 .text          0x08031308      0xb60 c:/program files (x86)/codesourcery/sourcery_codebench_lite_for_arm_eabi/bin/../lib/gcc/arm-none-eabi/4.6.3/../../../../arm-none-eabi/lib/thumb2\libc.a(lib_a-svfiprintf.o)
                0x08031308                __ssprint_r
                0x08031420                _svfiprintf_r
 .text          0x08031e68       0x60 c:/program files (x86)/codesourcery/sourcery_codebench_lite_for_arm_eabi/bin/../lib/gcc/arm-none-eabi/4.6.3/../../../../arm-none-eabi/lib/thumb2\libc.a(lib_a-callocr.o)
                0x08031e68                _calloc_r
 .text          0x08031ec8      0x234 c:/program files (x86)/codesourcery/sourcery_codebench_lite_for_arm_eabi/bin/../lib/gcc/arm-none-eabi/4.6.3/../../../../arm-none-eabi/lib/thumb2\libc.a(lib_a-freer.o)
                0x08031ec8                _malloc_trim_r
                0x08031f6c                _free_r
 .text          0x080320fc       0xbc c:/program files (x86)/codesourcery/sourcery_codebench_lite_for_arm_eabi/bin/../lib/gcc/arm-none-eabi/4.6.3/../../../../arm-none-eabi/lib/thumb2\libc.a(lib_a-memmove.o)
                0x080320fc                memmove
 .text          0x080321b8       0x8c c:/program files (x86)/codesourcery/sourcery_codebench_lite_for_arm_eabi/bin/../lib/gcc/arm-none-eabi/4.6.3/../../../../arm-none-eabi/lib/thumb2\libc.a(lib_a-memset.o)
                0x080321b8                memset
 .text          0x08032244      0x3d8 c:/program files (x86)/codesourcery/sourcery_codebench_lite_for_arm_eabi/bin/../lib/gcc/arm-none-eabi/4.6.3/../../../../arm-none-eabi/lib/thumb2\libc.a(lib_a-reallocr.o)
                0x08032244                _realloc_r
 *fill*         0x0803261c        0x4 00
 .text          0x08032620      0x278 c:/program files (x86)/codesourcery/sourcery_codebench_lite_for_arm_eabi/bin/../lib/gcc/arm-none-eabi/4.6.3/thumb2\libgcc.a(_udivsi3.o)
                0x08032620                __aeabi_uidiv
                0x08032620                __udivsi3
                0x0803287c                __aeabi_uidivmod
 .text          0x08032898        0x4 c:/program files (x86)/codesourcery/sourcery_codebench_lite_for_arm_eabi/bin/../lib/gcc/arm-none-eabi/4.6.3/thumb2\libgcc.a(_dvmd_tls.o)
                0x08032898                __aeabi_idiv0
                0x08032898                __aeabi_ldiv0
 .text          0x0803289c       0x50 c:/program files (x86)/codesourcery/sourcery_codebench_lite_for_arm_eabi/bin/../lib/gcc/arm-none-eabi/4.6.3/thumb2\libgcc.a(_arm_fixdfsi.o)
                0x0803289c                __aeabi_d2iz
                0x0803289c                __fixdfsi
 .text          0x080328ec       0x2c c:/program files (x86)/codesourcery/sourcery_codebench_lite_for_arm_eabi/bin/../lib/gcc/arm-none-eabi/4.6.3/thumb2\libgcc.a(_aeabi_uldivmod.o)
                0x080328ec                __aeabi_uldivmod
 .text          0x08032918       0x5c c:/program files (x86)/codesourcery/sourcery_codebench_lite_for_arm_eabi/bin/../lib/gcc/arm-none-eabi/4.6.3/thumb2\libgcc.a(bpabi.o)
                0x08032918                __gnu_ldivmod_helper
                0x08032948                __gnu_uldivmod_helper
 .text          0x08032974      0x364 c:/program files (x86)/codesourcery/sourcery_codebench_lite_for_arm_eabi/bin/../lib/gcc/arm-none-eabi/4.6.3/thumb2\libgcc.a(_divdi3.o)
                0x08032974                __divdi3
 .text          0x08032cd8      0x33c c:/program files (x86)/codesourcery/sourcery_codebench_lite_for_arm_eabi/bin/../lib/gcc/arm-none-eabi/4.6.3/thumb2\libgcc.a(_udivdi3.o)
                0x08032cd8                __udivdi3
 *(.text*)
 .text.Reset_Handler
                0x08033014       0xbc ./src/startup/startup_stm32f4xx.o
                0x08033014                Reset_Handler
 .text.Default_Handler
                0x080330d0        0x4 ./src/startup/startup_stm32f4xx.o
                0x080330d0                RTC_Alarm_IRQHandler
                0x080330d0                HASH_RNG_IRQHandler
                0x080330d0                EXTI2_IRQHandler
                0x080330d0                TIM8_CC_IRQHandler
                0x080330d0                DMA2_Stream5_IRQHandler
                0x080330d0                DMA1_Stream5_IRQHandler
                0x080330d0                PVD_IRQHandler
                0x080330d0                SDIO_IRQHandler
                0x080330d0                TAMP_STAMP_IRQHandler
                0x080330d0                CAN2_RX1_IRQHandler
                0x080330d0                EXTI3_IRQHandler
                0x080330d0                TIM8_TRG_COM_TIM14_IRQHandler
                0x080330d0                TIM1_UP_TIM10_IRQHandler
                0x080330d0                TIM8_UP_TIM13_IRQHandler
                0x080330d0                I2C3_ER_IRQHandler
                0x080330d0                EXTI0_IRQHandler
                0x080330d0                DMA1_Stream2_IRQHandler
                0x080330d0                CAN1_RX0_IRQHandler
                0x080330d0                FPU_IRQHandler
                0x080330d0                OTG_HS_WKUP_IRQHandler
                0x080330d0                CAN2_SCE_IRQHandler
                0x080330d0                DMA2_Stream2_IRQHandler
                0x080330d0                SPI1_IRQHandler
                0x080330d0                TIM6_DAC_IRQHandler
                0x080330d0                TIM1_BRK_TIM9_IRQHandler
                0x080330d0                DCMI_IRQHandler
                0x080330d0                CAN2_RX0_IRQHandler
                0x080330d0                DMA2_Stream3_IRQHandler
                0x080330d0                USART6_IRQHandler
                0x080330d0                USART3_IRQHandler
                0x080330d0                CRYP_IRQHandler
                0x080330d0                CAN1_RX1_IRQHandler
                0x080330d0                UART5_IRQHandler
                0x080330d0                DMA2_Stream0_IRQHandler
                0x080330d0                DMA1_Stream1_IRQHandler
                0x080330d0                UART4_IRQHandler
                0x080330d0                TIM3_IRQHandler
                0x080330d0                RCC_IRQHandler
                0x080330d0                TIM8_BRK_TIM12_IRQHandler
                0x080330d0                Default_Handler
                0x080330d0                EXTI15_10_IRQHandler
                0x080330d0                ADC_IRQHandler
                0x080330d0                DMA1_Stream7_IRQHandler
                0x080330d0                TIM7_IRQHandler
                0x080330d0                CAN2_TX_IRQHandler
                0x080330d0                TIM5_IRQHandler
                0x080330d0                DMA2_Stream7_IRQHandler
                0x080330d0                I2C3_EV_IRQHandler
                0x080330d0                EXTI9_5_IRQHandler
                0x080330d0                RTC_WKUP_IRQHandler
                0x080330d0                ETH_WKUP_IRQHandler
                0x080330d0                SPI2_IRQHandler
                0x080330d0                OTG_HS_EP1_IN_IRQHandler
                0x080330d0                DMA1_Stream0_IRQHandler
                0x080330d0                CAN1_TX_IRQHandler
                0x080330d0                EXTI4_IRQHandler
                0x080330d0                FSMC_IRQHandler
                0x080330d0                ETH_IRQHandler
                0x080330d0                OTG_HS_EP1_OUT_IRQHandler
                0x080330d0                WWDG_IRQHandler
                0x080330d0                TIM2_IRQHandler
                0x080330d0                TIM1_TRG_COM_TIM11_IRQHandler
                0x080330d0                OTG_HS_IRQHandler
                0x080330d0                EXTI1_IRQHandler
                0x080330d0                USART2_IRQHandler
                0x080330d0                DMA2_Stream1_IRQHandler
                0x080330d0                CAN1_SCE_IRQHandler
                0x080330d0                FLASH_IRQHandler
                0x080330d0                DMA2_Stream4_IRQHandler
                0x080330d0                SPI3_IRQHandler
                0x080330d0                DMA1_Stream4_IRQHandler
                0x080330d0                DMA2_Stream6_IRQHandler
 *(.rodata)
 .rodata        0x080330d4       0x98 ./src/vcp/usbd_desc.o
 .rodata        0x0803316c       0x54 ./src/max7456/osdWidgets.o
 .rodata        0x080331c0     0x406c ./src/drv/drv_max7456.o
                0x080331c0                fontdata
 .rodata        0x0803722c      0x1e0 ./src/calibration/escCalibration.o
 .rodata        0x0803740c      0x14c ./src/calibration/magCalibration.o
 .rodata        0x08037558      0x11c ./src/calibration/mpu6000Calibration.o
 .rodata        0x08037674      0xde4 ./src/cli.o
 .rodata        0x08038458     0x1f58 ./src/cliSupport.o
 .rodata        0x0803a3b0       0x14 ./src/config.o
                0x0803a3b0                rcChannelLetters
 .rodata        0x0803a3c4        0xc ./src/main.o
 .rodata        0x0803a3d0      0x678 ./src/rfTelem.o
 .rodata        0x0803aa48       0x2c ./src/utilities.o
 *fill*         0x0803aa74        0x4 00
 .rodata        0x0803aa78       0x30 c:/program files (x86)/codesourcery/sourcery_codebench_lite_for_arm_eabi/bin/../lib/gcc/arm-none-eabi/4.6.3/../../../../arm-none-eabi/lib/thumb2\libm.a(lib_a-e_pow.o)
 .rodata        0x0803aaa8      0x398 c:/program files (x86)/codesourcery/sourcery_codebench_lite_for_arm_eabi/bin/../lib/gcc/arm-none-eabi/4.6.3/../../../../arm-none-eabi/lib/thumb2\libm.a(lib_a-ef_rem_pio2.o)
 .rodata        0x0803ae40       0x38 c:/program files (x86)/codesourcery/sourcery_codebench_lite_for_arm_eabi/bin/../lib/gcc/arm-none-eabi/4.6.3/../../../../arm-none-eabi/lib/thumb2\libm.a(lib_a-kf_rem_pio2.o)
 .rodata        0x0803ae78       0x40 c:/program files (x86)/codesourcery/sourcery_codebench_lite_for_arm_eabi/bin/../lib/gcc/arm-none-eabi/4.6.3/../../../../arm-none-eabi/lib/thumb2\libm.a(lib_a-s_atan.o)
 .rodata        0x0803aeb8       0x10 c:/program files (x86)/codesourcery/sourcery_codebench_lite_for_arm_eabi/bin/../lib/gcc/arm-none-eabi/4.6.3/../../../../arm-none-eabi/lib/thumb2\libm.a(lib_a-s_rint.o)
 .rodata        0x0803aec8       0x20 c:/program files (x86)/codesourcery/sourcery_codebench_lite_for_arm_eabi/bin/../lib/gcc/arm-none-eabi/4.6.3/../../../../arm-none-eabi/lib/thumb2\libm.a(lib_a-sf_atan.o)
 .rodata        0x0803aee8       0x20 c:/program files (x86)/codesourcery/sourcery_codebench_lite_for_arm_eabi/bin/../lib/gcc/arm-none-eabi/4.6.3/../../../../arm-none-eabi/lib/thumb2\libc.a(lib_a-svfprintf.o)
 .rodata        0x0803af08      0x128 c:/program files (x86)/codesourcery/sourcery_codebench_lite_for_arm_eabi/bin/../lib/gcc/arm-none-eabi/4.6.3/../../../../arm-none-eabi/lib/thumb2\libc.a(lib_a-mprec.o)
                0x0803af18                __mprec_tens
                0x0803afe0                __mprec_tinytens
                0x0803b008                __mprec_bigtens
 .rodata        0x0803b030       0x20 c:/program files (x86)/codesourcery/sourcery_codebench_lite_for_arm_eabi/bin/../lib/gcc/arm-none-eabi/4.6.3/../../../../arm-none-eabi/lib/thumb2\libc.a(lib_a-svfiprintf.o)
 *(.rodata*)
 .rodata.str1.4
                0x0803b050        0x4 c:/program files (x86)/codesourcery/sourcery_codebench_lite_for_arm_eabi/bin/../lib/gcc/arm-none-eabi/4.6.3/../../../../arm-none-eabi/lib/thumb2\libm.a(lib_a-w_pow.o)
 .rodata.str1.4
                0x0803b054        0x5 c:/program files (x86)/codesourcery/sourcery_codebench_lite_for_arm_eabi/bin/../lib/gcc/arm-none-eabi/4.6.3/../../../../arm-none-eabi/lib/thumb2\libm.a(lib_a-w_sqrt.o)
                                  0x8 (size before relaxing)
 *fill*         0x0803b059        0x3 00
 .rodata.str1.4
                0x0803b05c        0x6 c:/program files (x86)/codesourcery/sourcery_codebench_lite_for_arm_eabi/bin/../lib/gcc/arm-none-eabi/4.6.3/../../../../arm-none-eabi/lib/thumb2\libm.a(lib_a-wf_asin.o)
                                  0xc (size before relaxing)
 .rodata.str1.4
                0x00000000        0x4 c:/program files (x86)/codesourcery/sourcery_codebench_lite_for_arm_eabi/bin/../lib/gcc/arm-none-eabi/4.6.3/../../../../arm-none-eabi/lib/thumb2\libm.a(lib_a-e_pow.o)
 *fill*         0x0803b062        0x2 00
 .rodata.str1.4
                0x0803b064        0x2 c:/program files (x86)/codesourcery/sourcery_codebench_lite_for_arm_eabi/bin/../lib/gcc/arm-none-eabi/4.6.3/../../../../arm-none-eabi/lib/thumb2\libc.a(lib_a-impure.o)
                                  0x4 (size before relaxing)
 *fill*         0x0803b066        0x2 00
 .rodata.str1.4
                0x0803b068       0x42 c:/program files (x86)/codesourcery/sourcery_codebench_lite_for_arm_eabi/bin/../lib/gcc/arm-none-eabi/4.6.3/../../../../arm-none-eabi/lib/thumb2\libc.a(lib_a-svfprintf.o)
                                 0x44 (size before relaxing)
 *fill*         0x0803b0aa        0x2 00
 .rodata.str1.4
                0x0803b0ac       0x10 c:/program files (x86)/codesourcery/sourcery_codebench_lite_for_arm_eabi/bin/../lib/gcc/arm-none-eabi/4.6.3/../../../../arm-none-eabi/lib/thumb2\libc.a(lib_a-dtoa.o)
                                 0x14 (size before relaxing)
 .rodata.str1.4
                0x0803b0bc        0xc c:/program files (x86)/codesourcery/sourcery_codebench_lite_for_arm_eabi/bin/../lib/gcc/arm-none-eabi/4.6.3/../../../../arm-none-eabi/lib/thumb2\libc.a(lib_a-locale.o)
                                 0x14 (size before relaxing)
 .rodata.str1.4
                0x00000000       0x30 c:/program files (x86)/codesourcery/sourcery_codebench_lite_for_arm_eabi/bin/../lib/gcc/arm-none-eabi/4.6.3/../../../../arm-none-eabi/lib/thumb2\libc.a(lib_a-svfiprintf.o)
 *(.glue_7)
 .glue_7        0x00000000        0x0 linker stubs
 *(.glue_7t)
 .glue_7t       0x00000000        0x0 linker stubs
 *(.eh_frame)
 .eh_frame      0x0803b0c8        0x0 c:/program files (x86)/codesourcery/sourcery_codebench_lite_for_arm_eabi/bin/../lib/gcc/arm-none-eabi/4.6.3/thumb2/crtbegin.o
 *(.init)
 .init          0x0803b0c8        0x4 c:/program files (x86)/codesourcery/sourcery_codebench_lite_for_arm_eabi/bin/../lib/gcc/arm-none-eabi/4.6.3/thumb2/crti.o
                0x0803b0c8                _init
 .init          0x0803b0cc        0x8 c:/program files (x86)/codesourcery/sourcery_codebench_lite_for_arm_eabi/bin/../lib/gcc/arm-none-eabi/4.6.3/thumb2/crtn.o
 *(.fini)
 .fini          0x0803b0d4        0x4 c:/program files (x86)/codesourcery/sourcery_codebench_lite_for_arm_eabi/bin/../lib/gcc/arm-none-eabi/4.6.3/thumb2/crti.o
                0x0803b0d4                _fini
 .fini          0x0803b0d8        0x8 c:/program files (x86)/codesourcery/sourcery_codebench_lite_for_arm_eabi/bin/../lib/gcc/arm-none-eabi/4.6.3/thumb2/crtn.o
                0x0803b0e0                . = ALIGN (0x4)
                0x0803b0e0                _etext = .

.vfp11_veneer   0x0803b0e0        0x0
 .vfp11_veneer  0x00000000        0x0 linker stubs

.v4_bx          0x0803b0e0        0x0
 .v4_bx         0x00000000        0x0 linker stubs

.iplt           0x0803b0e0        0x0
 .iplt          0x00000000        0x0 c:/program files (x86)/codesourcery/sourcery_codebench_lite_for_arm_eabi/bin/../lib/gcc/arm-none-eabi/4.6.3/thumb2/crtbegin.o

.ARM.extab
 *(.ARM.extab* .gnu.linkonce.armextab.*)

.ARM            0x0803b0e0        0x8
                0x0803b0e0                __exidx_start = .
 *(.ARM.exidx*)
 .ARM.exidx     0x0803b0e0        0x8 c:/program files (x86)/codesourcery/sourcery_codebench_lite_for_arm_eabi/bin/../lib/gcc/arm-none-eabi/4.6.3/thumb2\libgcc.a(_divdi3.o)
 .ARM.exidx     0x0803b0e8        0x0 c:/program files (x86)/codesourcery/sourcery_codebench_lite_for_arm_eabi/bin/../lib/gcc/arm-none-eabi/4.6.3/thumb2\libgcc.a(_udivdi3.o)
                                  0x8 (size before relaxing)
                0x0803b0e8                __exidx_end = .

.rel.dyn        0x0803b0e8        0x0
 .rel.iplt      0x00000000        0x0 c:/program files (x86)/codesourcery/sourcery_codebench_lite_for_arm_eabi/bin/../lib/gcc/arm-none-eabi/4.6.3/thumb2/crtbegin.o

.preinit_array  0x0803b0e8        0x0
                0x0803b0e8                PROVIDE (__preinit_array_start, .)
 *(.preinit_array*)
                0x0803b0e8                PROVIDE (__preinit_array_end, .)

.init_array     0x0803b0e8        0x4
                0x0803b0e8                PROVIDE (__init_array_start, .)
 *(SORT(.init_array.*))
 *(.init_array*)
 .init_array    0x0803b0e8        0x4 c:/program files (x86)/codesourcery/sourcery_codebench_lite_for_arm_eabi/bin/../lib/gcc/arm-none-eabi/4.6.3/thumb2/crtbegin.o
                0x0803b0ec                PROVIDE (__init_array_end, .)

.fini_array     0x0803b0ec        0x4
                0x0803b0ec                PROVIDE (__fini_array_start, .)
 *(.fini_array*)
 .fini_array    0x0803b0ec        0x4 c:/program files (x86)/codesourcery/sourcery_codebench_lite_for_arm_eabi/bin/../lib/gcc/arm-none-eabi/4.6.3/thumb2/crtbegin.o
 *(SORT(.fini_array.*))
                0x0803b0f0                PROVIDE (__fini_array_end, .)
                0x0803b0f0                _sidata = .

.data           0x20000000      0x7a4 load address 0x0803b0f0
                0x20000000                . = ALIGN (0x4)
                0x20000000                _sdata = .
 *(.data)
 .data          0x20000000       0x14 ./src/vcp/usbd_cdc.o
                0x20000000                cdc_fops
 .data          0x20000014       0x40 ./src/vcp/usbd_desc.o
                0x20000014                USR_desc
                0x20000030                USBD_DeviceDesc
                0x20000044                USBD_DeviceQualifierDesc
                0x20000050                USBD_LangIDDesc
 .data          0x20000054       0x1c ./src/vcp/usbd_usr.o
                0x20000054                USR_cb
 .data          0x20000070        0x4 ./src/sensors/mpu6000.o
                0x20000070                accelOneG
 .data          0x20000074        0xa ./src/max7456/osdWidgets.o
                0x20000074                lastHoldState
                0x20000076                lastAltitude
                0x20000078                lastHoldAltitude
                0x2000007a                lastAHflightMode
                0x2000007b                lastATTflightMode
                0x2000007c                lastOSDheading
 *fill*         0x2000007e        0x2 00
 .data          0x20000080       0x20 ./src/drv/drv_pwmEsc.o
 .data          0x200000a0        0xc ./src/drv/drv_pwmServo.o
 .data          0x200000ac       0x40 ./src/drv/drv_rx.o
 .data          0x200000ec        0xc ./src/MargAHRS.o
                0x200000ec                q0
                0x200000f0                accConfidence
 .data          0x200000f8        0x1 ./src/config.o
 *fill*         0x200000f9        0x3 00
 .data          0x200000fc       0x2c ./src/flightCommand.o
                0x200000fc                rxCommand
                0x2000011c                commandInDetent
                0x20000120                previousCommandInDetent
                0x20000124                previousAUX2State
 .data          0x20000128       0x2c ./src/mixer.o
                0x20000128                motor
                0x20000148                servo
 .data          0x20000154        0x1 ./src/pid.o
                0x20000154                holdIntegrators
 *fill*         0x20000155        0x3 00
 .data          0x20000158       0x14 ./src/system_stm32f4xx.o
                0x20000158                SystemCoreClock
                0x2000015c                AHBPrescTable
 .data          0x2000016c       0x30 ./Libraries/STM32_USB_Device_Library/Core/src/usbd_core.o
                0x2000016c                USBD_DCD_INT_cb
                0x20000198                USBD_DCD_INT_fops
 .data          0x2000019c       0x74 ./Libraries/STM32_USB_Device_Library/Class/cdc/src/usbd_cdc_core.o
                0x2000019c                usbd_cdc_CfgDesc
                0x200001e4                USBD_CDC_cb
 .data          0x20000210       0x10 ./Libraries/STM32F4xx_StdPeriph_Driver/src/stm32f4xx_rcc.o
 .data          0x20000220        0x1 c:/program files (x86)/codesourcery/sourcery_codebench_lite_for_arm_eabi/bin/../lib/gcc/arm-none-eabi/4.6.3/../../../../arm-none-eabi/lib/thumb2\libm.a(lib_a-s_lib_ver.o)
                0x20000220                __fdlib_version
 *fill*         0x20000221        0x3 00
 .data          0x20000224       0xf4 c:/program files (x86)/codesourcery/sourcery_codebench_lite_for_arm_eabi/bin/../lib/gcc/arm-none-eabi/4.6.3/../../../../arm-none-eabi/lib/thumb2\libc.a(lib_a-impure.o)
                0x20000224                _impure_ptr
 .data          0x20000318       0x7c c:/program files (x86)/codesourcery/sourcery_codebench_lite_for_arm_eabi/bin/../lib/gcc/arm-none-eabi/4.6.3/../../../../arm-none-eabi/lib/thumb2\libc.a(lib_a-locale.o)
                0x20000338                __mb_cur_max
 .data          0x20000394      0x410 c:/program files (x86)/codesourcery/sourcery_codebench_lite_for_arm_eabi/bin/../lib/gcc/arm-none-eabi/4.6.3/../../../../arm-none-eabi/lib/thumb2\libc.a(lib_a-mallocr.o)
                0x20000394                __malloc_av_
                0x2000079c                __malloc_sbrk_base
                0x200007a0                __malloc_trim_threshold
 *(.data*)
                0x200007a4                . = ALIGN (0x4)
                0x200007a4                _edata = .

.jcr            0x200007a4        0x0 load address 0x0803b894
 .jcr           0x200007a4        0x0 c:/program files (x86)/codesourcery/sourcery_codebench_lite_for_arm_eabi/bin/../lib/gcc/arm-none-eabi/4.6.3/thumb2/crtbegin.o

.igot.plt       0x200007a4        0x0 load address 0x0803b894
 .igot.plt      0x00000000        0x0 c:/program files (x86)/codesourcery/sourcery_codebench_lite_for_arm_eabi/bin/../lib/gcc/arm-none-eabi/4.6.3/thumb2/crtbegin.o
                0x200007a4                . = ALIGN (0x4)

.bss            0x200007a8     0x3770 load address 0x0803b898
                0x200007a8                _sbss = .
                0x200007a8                __bss_start__ = _sbss
 *(.bss)
 .bss           0x200007a8       0x1c c:/program files (x86)/codesourcery/sourcery_codebench_lite_for_arm_eabi/bin/../lib/gcc/arm-none-eabi/4.6.3/thumb2/crtbegin.o
 .bss           0x200007c4        0x2 ./src/sensors/hmc5883.o
                0x200007c4                magDataUpdate
                0x200007c5                newMagData
 *fill*         0x200007c6        0x2 00
 .bss           0x200007c8       0x34 ./src/sensors/mpu6000.o
                0x200007c8                accelSum100Hz
                0x200007d4                accelSum500Hz
                0x200007e0                accelTCBias
                0x200007ec                gyroSum500Hz
                0x200007f8                mpu6000Calibrating
 .bss           0x200007fc        0x8 ./src/sensors/ms5611.o
                0x200007fc                d1Sum
                0x20000800                pressureAltValid
 .bss           0x20000804       0x10 ./src/max7456/osdWidgets.o
                0x20000804                ahOldLine
                0x2000080c                aiOldline
 .bss           0x20000814       0x1c ./src/drv/drv_i2c.o
 .bss           0x20000830        0xa ./src/drv/drv_max7456.o
                0x20000830                osdDisabled
                0x20000832                maxScreenSize
                0x20000834                maxScreenRows
                0x20000836                enableDisplay
                0x20000837                enableDisplayVert
                0x20000838                max7456Reset
                0x20000839                disableDisplay
 *fill*         0x2000083a        0x2 00
 .bss           0x2000083c       0x48 ./src/drv/drv_rx.o
                0x2000083c                rcActive
                0x2000087a                spektrumFrameComplete
 .bss           0x20000884       0x18 ./src/drv/drv_system.o
                0x20000890                frameCounter
                0x20000892                frame_500Hz
                0x20000893                frame_100Hz
                0x20000894                frame_50Hz
                0x20000895                frame_10Hz
                0x20000896                frame_5Hz
                0x20000897                frame_1Hz
                0x20000898                systemReady
                0x20000899                execUp
 .bss           0x2000089c        0x8 ./src/drv/drv_uart2.o
                0x2000089c                rx2DMAPos
                0x200008a0                tx2BufferTail
                0x200008a2                tx2BufferHead
 .bss           0x200008a4        0x8 ./src/drv/drv_uart3.o
                0x200008a4                rx3DMAPos
                0x200008a8                tx3BufferTail
                0x200008aa                tx3BufferHead
 .bss           0x200008ac        0x1 ./src/drv/drv_usb.o
                0x200008ac                usbDeviceConfigured
 .bss           0x200008ad        0x1 ./src/calibration/escCalibration.o
                0x200008ad                escCalibrating
 .bss           0x200008ae        0x1 ./src/calibration/magCalibration.o
                0x200008ae                magCalibrating
 *fill*         0x200008af        0x1 00
 .bss           0x200008b0       0x44 ./src/MargAHRS.o
                0x200008b0                exAcc
                0x200008b4                eyAcc
                0x200008b8                ezAcc
                0x200008bc                exAccInt
                0x200008c0                eyAccInt
                0x200008c4                ezAccInt
                0x200008c8                exMag
                0x200008cc                eyMag
                0x200008d0                ezMag
                0x200008d4                exMagInt
                0x200008d8                eyMagInt
                0x200008dc                ezMagInt
                0x200008e0                q1
                0x200008e4                q2
                0x200008e8                q3
                0x200008ec                MargAHRSinitialized
                0x200008f0                accConfidenceDecay
 .bss           0x200008f4        0xc ./src/cli.o
                0x200008f4                cliBusy
                0x200008f7                highSpeedTelem1Enabled
                0x200008f8                highSpeedTelem2Enabled
                0x200008f9                highSpeedTelem3Enabled
                0x200008fa                highSpeedTelem4Enabled
                0x200008fb                highSpeedTelem5Enabled
                0x200008fc                highSpeedTelem6Enabled
                0x200008fd                highSpeedTelem7Enabled
                0x200008fe                highSpeedTelem8Enabled
                0x200008ff                highSpeedTelem9Enabled
 .bss           0x20000900        0x1 ./src/computeAxisCommands.o
                0x20000900                previousHeadingHoldEngaged
 *fill*         0x20000901        0x3 00
 .bss           0x20000904        0xc ./src/coordinateTransforms.o
                0x20000904                earthAxisAccels
 .bss           0x20000910        0xc ./src/flightCommand.o
                0x20000910                flightMode
                0x20000911                headingHoldEngaged
                0x20000912                armed
                0x20000913                armingTimer
                0x20000914                altitudeHoldState
                0x20000918                altitudeHoldThrottleValue
 .bss           0x2000091c        0x1 ./src/main.o
                0x2000091c                execUpCount
 .bss           0x2000091d        0x2 ./src/rfTelem.o
                0x2000091d                rfBusy
 *fill*         0x2000091f        0x1 00
 .bss           0x20000920        0x4 ./src/utilities.o
 .bss           0x20000924        0xc ./src/vertCompFilter.o
                0x20000924                estimationError
                0x20000928                hDotEstimate
                0x2000092c                previousExecUp
 .bss           0x20000930       0x10 ./Libraries/STM32_USB_Device_Library/Core/src/usbd_req.o
                0x20000930                USBD_ep_status
                0x20000934                USBD_default_cfg
                0x20000938                USBD_cfg_status
 .bss           0x20000940       0x1c ./Libraries/STM32_USB_Device_Library/Class/cdc/src/usbd_cdc_core.o
                0x20000944                APP_Rx_ptr_in
                0x20000948                APP_Rx_ptr_out
                0x2000094c                APP_Rx_length
                0x20000950                USB_Tx_State
 .bss           0x2000095c       0x34 c:/program files (x86)/codesourcery/sourcery_codebench_lite_for_arm_eabi/bin/../lib/gcc/arm-none-eabi/4.6.3/../../../../arm-none-eabi/lib/thumb2\libc.a(lib_a-mallocr.o)
                0x2000095c                __malloc_top_pad
                0x20000960                __malloc_current_mallinfo
                0x20000988                __malloc_max_sbrked_mem
                0x2000098c                __malloc_max_total_mem
 *(.bss*)
 *(COMMON)
 COMMON         0x20000990       0x6c ./src/vcp/usbd_cdc.o
                0x20000990                Rx_Buf_TopIdx
                0x20000994                Rx_Buf_BotIdx
                0x20000998                Rx_Buf
 COMMON         0x200009fc       0x14 ./src/sensors/hmc5883.o
                0x200009fc                rawMag
                0x20000a04                magScaleFactor
 COMMON         0x20000a10       0x54 ./src/sensors/mpu6000.o
                0x20000a10                rawMPU6000Temperature
                0x20000a14                gyroTCBias
                0x20000a20                rawAccel
                0x20000a28                mpu6000Temperature
                0x20000a2c                gyroSummedSamples500Hz
                0x20000a38                gyroRTBias
                0x20000a44                accelSummedSamples100Hz
                0x20000a50                rawGyro
                0x20000a58                accelSummedSamples500Hz
 *fill*         0x20000a64        0x4 00
 COMMON         0x20000a68       0x48 ./src/sensors/ms5611.o
                0x20000a68                p
                0x20000a6c                c6
                0x20000a70                c4
                0x20000a74                dT
                0x20000a78                d1
                0x20000a7c                c2
                0x20000a80                d1Average
                0x20000a84                temp
                0x20000a88                c5
                0x20000a8c                c1
                0x20000a90                d2
                0x20000a98                offset
                0x20000aa0                c3
                0x20000aa8                sensitivity
 COMMON         0x20000ab0        0x7 ./src/max7456/osdWidgets.o
                0x20000ab0                ahCenter
                0x20000ab1                ahTopPixel
                0x20000ab2                aiCenter
                0x20000ab3                ahBottomPixel
                0x20000ab4                aiTopPixel